<html>
<body>
<pre>
<h1>µVision Build Log</h1>
<h2>Tool Versions:</h2>
IDE-Version: µVision V5.34.0.0
Copyright (C) 2021 ARM Ltd and ARM Germany GmbH. All rights reserved.
License Information: A Gemy, Ain Shams Univerisy, LIC=----
 
Tool Versions:
Toolchain:       MDK-Lite  Version: 5.34.0.0
Toolchain Path:  D:\Keil_v5\ARM\ARMCLANG\Bin
C Compiler:      ArmClang.exe V6.16
Assembler:       Armasm.exe V6.16
Linker/Locator:  ArmLink.exe V6.16
Library Manager: ArmAr.exe V6.16
Hex Converter:   FromElf.exe V6.16
CPU DLL:         SARMCM3.DLL V5.34.0.0
Dialog DLL:      DARMSTM.DLL V1.68.0.0
Target DLL:      UL2CM3.DLL V1.163.9.0
Dialog DLL:      TARMSTM.DLL V1.66.0.0
 
<h2>Project:</h2>
D:\Ahmed\Github\RC-Car-Controller\c blue.uvprojx
Project File Date:  08/05/2021

<h2>Output:</h2>
*** Using Compiler 'V6.16', folder: 'D:\Keil_v5\ARM\ARMCLANG\Bin'
Build target 'Target 1'
main.c(2): warning: In file included from...
./rc_car.h(7): warning: In file included from...
./motors.h(33): warning: no newline at end of file [-Wnewline-eof]
#endif
      ^
main.c(2): warning: In file included from...
./rc_car.h(8): warning: In file included from...
./tests.h(4): warning: In file included from...
./rc_car.h(22): warning: no newline at end of file [-Wnewline-eof]
#endif
      ^
main.c(2): warning: In file included from...
./rc_car.h(22): warning: no newline at end of file [-Wnewline-eof]
#endif
      ^
main.c(9): warning: no newline at end of file [-Wnewline-eof]
}
 ^
4 warnings generated.
compiling main.c...
tests.c(1): warning: In file included from...
./tests.h(4): warning: In file included from...
./rc_car.h(7): warning: In file included from...
./motors.h(33): warning: no newline at end of file [-Wnewline-eof]
#endif
      ^
tests.c(1): warning: In file included from...
./tests.h(4): warning: In file included from...
./rc_car.h(22): warning: no newline at end of file [-Wnewline-eof]
#endif
      ^
tests.c(3): warning: function 'test_ADC' could be declared with attribute 'noreturn' [-Wmissing-noreturn]
{
^
tests.c(19): warning: function 'test_gpio' could be declared with attribute 'noreturn' [-Wmissing-noreturn]
{
^
tests.c(41): warning: function 'test_uart' could be declared with attribute 'noreturn' [-Wmissing-noreturn]
{
^
5 warnings generated.
compiling tests.c...
rc_car.c(1): warning: In file included from...
./rc_car.h(7): warning: In file included from...
./motors.h(33): warning: no newline at end of file [-Wnewline-eof]
#endif
      ^
rc_car.c(1): warning: In file included from...
./rc_car.h(8): warning: In file included from...
./tests.h(4): warning: In file included from...
./rc_car.h(22): warning: no newline at end of file [-Wnewline-eof]
#endif
      ^
rc_car.c(1): warning: In file included from...
./rc_car.h(22): warning: no newline at end of file [-Wnewline-eof]
#endif
      ^
rc_car.c(14): warning: use of GNU empty initializer extension [-Wgnu-empty-initializer]
                char TempratureBuffer[]={};
                                        ^
rc_car.c(14): warning: zero size arrays are an extension [-Wzero-length-array]
rc_car.c(16): warning: use of GNU empty initializer extension [-Wgnu-empty-initializer]
        char SpeedBuffer[]={};
                           ^
rc_car.c(16): warning: zero size arrays are an extension [-Wzero-length-array]
rc_car.c(18): warning: use of GNU empty initializer extension [-Wgnu-empty-initializer]
        char TotalMessage []={};
                             ^
rc_car.c(18): warning: zero size arrays are an extension [-Wzero-length-array]
rc_car.c(19): warning: implicit conversion increases floating-point precision: 'float' to 'double' [-Wdouble-promotion]
        sprintf(TempratureBuffer,"%f",temp);
        ~~~~~~~                       ^~~~
rc_car.c(20): warning: implicit conversion increases floating-point precision: 'float' to 'double' [-Wdouble-promotion]
        sprintf(SpeedBuffer,"%f",speed);
        ~~~~~~~                  ^~~~~
rc_car.c(19): warning: 'sprintf' will always overflow; destination buffer has size 0, but format string expands to at least 9 [-Wfortify-source]
        sprintf(TempratureBuffer,"%f",temp);
        ^
rc_car.c(20): warning: 'sprintf' will always overflow; destination buffer has size 0, but format string expands to at least 9 [-Wfortify-source]
        sprintf(SpeedBuffer,"%f",speed);
        ^
rc_car.c(30): warning: use of GNU empty initializer extension [-Wgnu-empty-initializer]
                char TempratureBuffer[]={};
                                        ^
rc_car.c(30): warning: zero size arrays are an extension [-Wzero-length-array]
rc_car.c(31): warning: implicit conversion increases floating-point precision: 'float' to 'double' [-Wdouble-promotion]
        sprintf(TempratureBuffer,"%f",GetMaxTemprature());
        ~~~~~~~                       ^~~~~~~~~~~~~~~~~~
rc_car.c(31): warning: 'sprintf' will always overflow; destination buffer has size 0, but format string expands to at least 9 [-Wfortify-source]
        sprintf(TempratureBuffer,"%f",GetMaxTemprature());
        ^
rc_car.c(36): warning: function 'StartRCCar' could be declared with attribute 'noreturn' [-Wmissing-noreturn]
{
^
18 warnings generated.
compiling rc_car.c...
linking...
Program Size: Code=10184 RO-data=468 RW-data=16 ZI-data=1640  
FromELF: creating hex file...
".\Objects\c blue.axf" - 0 Error(s), 27 Warning(s).

<h2>Software Packages used:</h2>

Package Vendor: ARM
                http://www.keil.com/pack/ARM.CMSIS.5.8.0.pack
                ARM.CMSIS.5.8.0
                CMSIS (Common Microcontroller Software Interface Standard)
   * Component: CORE Version: 5.5.0
   * Component: DSP Variant: Source Version: 1.9.0-dev

Package Vendor: Keil
                http://www.keil.com/pack/Keil.STM32F1xx_DFP.2.3.0.pack
                Keil.STM32F1xx_DFP.2.3.0
                STMicroelectronics STM32F1 Series Device Support, Drivers and Examples
   * Component: GPIO Version: 1.3
   * Component: Startup Version: 1.0.0
   * Component: ADC Version: 3.5.0
   * Component: Flash Version: 3.5.0
   * Component: Framework Version: 3.5.1
   * Component: GPIO Version: 3.5.0
   * Component: RCC Version: 3.5.0
   * Component: TIM Version: 3.5.0
   * Component: USART Version: 3.5.0

<h2>Collection of Component include folders:</h2>
  .\RTE\Device\STM32F103C6
  .\RTE\_Target_1
  D:\Keil_v5\Arm\Packs\ARM\CMSIS\5.8.0\CMSIS\Core\Include
  D:\Keil_v5\Arm\Packs\ARM\CMSIS\5.8.0\CMSIS\DSP\Include
  D:\Keil_v5\Arm\Packs\ARM\CMSIS\5.8.0\CMSIS\DSP\PrivateInclude
  D:\Keil_v5\Arm\Packs\Keil\STM32F1xx_DFP\2.3.0\Device\Include
  D:\Keil_v5\Arm\Packs\Keil\STM32F1xx_DFP\2.3.0\Device\StdPeriph_Driver\inc
  D:\Keil_v5\Arm\Packs\Keil\STM32F1xx_DFP\2.3.0\RTE_Driver

<h2>Collection of Component Files used:</h2>

   * Component: ARM::CMSIS:CORE:5.5.0

   * Component: ARM::CMSIS:DSP:Source:1.9.0-dev
      Include file:  CMSIS\DSP\Include\arm_math_f16.h
      Include file:  CMSIS\DSP\Include\arm_math.h
      Include file:  CMSIS\DSP\Include\arm_common_tables.h
      Source file:   CMSIS\DSP\Source\InterpolationFunctions\InterpolationFunctions.c
      Source file:   CMSIS\DSP\Source\FilteringFunctions\FilteringFunctionsF16.c
      Source file:   CMSIS\DSP\Source\InterpolationFunctions\InterpolationFunctionsF16.c
      Source file:   CMSIS\DSP\Source\StatisticsFunctions\StatisticsFunctionsF16.c
      Source file:   CMSIS\DSP\Source\BayesFunctions\BayesFunctionsF16.c
      Source file:   CMSIS\DSP\Source\ComplexMathFunctions\ComplexMathFunctions.c
      Source file:   CMSIS\DSP\Source\SVMFunctions\SVMFunctions.c
      Include file:  CMSIS\DSP\Include\arm_common_tables_f16.h
      Source file:   CMSIS\DSP\Source\BasicMathFunctions\BasicMathFunctionsF16.c
      Source file:   CMSIS\DSP\Source\StatisticsFunctions\StatisticsFunctions.c
      Source file:   CMSIS\DSP\Source\TransformFunctions\TransformFunctionsF16.c
      Source file:   CMSIS\DSP\Source\CommonTables\CommonTablesF16.c
      Source file:   CMSIS\DSP\Source\SupportFunctions\SupportFunctionsF16.c
      Include file:  CMSIS\DSP\Include\arm_const_structs.h
      Source file:   CMSIS\DSP\Source\FastMathFunctions\FastMathFunctionsF16.c
      Source file:   CMSIS\DSP\Source\MatrixFunctions\MatrixFunctions.c
      Source file:   CMSIS\DSP\Source\ControllerFunctions\ControllerFunctions.c
      Source file:   CMSIS\DSP\Source\BayesFunctions\BayesFunctions.c
      Source file:   CMSIS\DSP\Source\FilteringFunctions\FilteringFunctions.c
      Source file:   CMSIS\DSP\Source\ComplexMathFunctions\ComplexMathFunctionsF16.c
      Source file:   CMSIS\DSP\Source\MatrixFunctions\MatrixFunctionsF16.c
      Source file:   CMSIS\DSP\Source\DistanceFunctions\DistanceFunctions.c
      Source file:   CMSIS\DSP\Source\SupportFunctions\SupportFunctions.c
      Source file:   CMSIS\DSP\Source\DistanceFunctions\DistanceFunctionsF16.c
      Source file:   CMSIS\DSP\Source\QuaternionMathFunctions\QuaternionMathFunctions.c
      Include file:  CMSIS\DSP\Include\arm_const_structs_f16.h
      Source file:   CMSIS\DSP\Source\CommonTables\CommonTables.c
      Source file:   CMSIS\DSP\Source\FastMathFunctions\FastMathFunctions.c
      Source file:   CMSIS\DSP\Source\TransformFunctions\TransformFunctions.c
      Source file:   CMSIS\DSP\Source\BasicMathFunctions\BasicMathFunctions.c
      Source file:   CMSIS\DSP\Source\SVMFunctions\SVMFunctionsF16.c

   * Component: Keil::Device:GPIO:1.3
      Include file:  RTE_Driver\GPIO_STM32F10x.h
      Source file:   RTE_Driver\GPIO_STM32F10x.c

   * Component: Keil::Device:Startup:1.0.0
      Source file:   Device\Source\ARM\startup_stm32f10x_ld.s
      Include file:  RTE_Driver\Config\RTE_Device.h
      Source file:   Device\Source\ARM\STM32F1xx_OPT.s
      Source file:   Device\Source\system_stm32f10x.c

   * Component: Keil::Device:StdPeriph Drivers:ADC:3.5.0
      Include file:  Device\StdPeriph_Driver\inc\stm32f10x_adc.h
      Source file:   Device\StdPeriph_Driver\src\stm32f10x_adc.c

   * Component: Keil::Device:StdPeriph Drivers:Flash:3.5.0
      Include file:  Device\StdPeriph_Driver\inc\stm32f10x_flash.h
      Source file:   Device\StdPeriph_Driver\src\stm32f10x_flash.c

   * Component: Keil::Device:StdPeriph Drivers:Framework:3.5.1
      Include file:  Device\StdPeriph_Driver\inc\misc.h
      Source file:   Device\StdPeriph_Driver\src\misc.c
      Source file:   Device\StdPeriph_Driver\templates\stm32f10x_conf.h
      Source file:   Device\StdPeriph_Driver\templates\stm32f10x_it.c
      Include file:  Device\StdPeriph_Driver\templates\stm32f10x_it.h

   * Component: Keil::Device:StdPeriph Drivers:GPIO:3.5.0
      Include file:  Device\StdPeriph_Driver\inc\stm32f10x_gpio.h
      Source file:   Device\StdPeriph_Driver\src\stm32f10x_gpio.c

   * Component: Keil::Device:StdPeriph Drivers:RCC:3.5.0
      Source file:   Device\StdPeriph_Driver\src\stm32f10x_rcc.c
      Include file:  Device\StdPeriph_Driver\inc\stm32f10x_rcc.h

   * Component: Keil::Device:StdPeriph Drivers:TIM:3.5.0
      Include file:  Device\StdPeriph_Driver\inc\stm32f10x_tim.h
      Source file:   Device\StdPeriph_Driver\src\stm32f10x_tim.c

   * Component: Keil::Device:StdPeriph Drivers:USART:3.5.0
      Include file:  Device\StdPeriph_Driver\inc\stm32f10x_usart.h
      Source file:   Device\StdPeriph_Driver\src\stm32f10x_usart.c
Build Time Elapsed:  00:00:03
</pre>
</body>
</html>
