Component: ARM Compiler 6.16 Tool: armlink [5dfeaa00]

==============================================================================

Section Cross References

    main.o(.text.main) refers to rc_car.o(.text.RC_Car_Init) for RC_Car_Init
    main.o(.text.main) refers to rc_car.o(.text.StartRCCar) for StartRCCar
    main.o(.ARM.exidx.text.main) refers to main.o(.text.main) for [Anonymous Symbol]
    main.o(.text.test_ADC) refers to adc.o(.text.ADC_Init_) for ADC_Init_
    main.o(.text.test_ADC) refers to uart.o(.text.UART_Init) for UART_Init
    main.o(.text.test_ADC) refers to adc.o(.text.GetTemprature) for GetTemprature
    main.o(.text.test_ADC) refers to adc.o(.text.GetMaxTemprature) for GetMaxTemprature
    main.o(.text.test_ADC) refers to rc_car.o(.text.PrintData) for PrintData
    main.o(.ARM.exidx.text.test_ADC) refers to main.o(.text.test_ADC) for [Anonymous Symbol]
    main.o(.text.test_PWM) refers to pwm.o(.text.PWM) for PWM
    main.o(.ARM.exidx.text.test_PWM) refers to main.o(.text.test_PWM) for [Anonymous Symbol]
    main.o(.text.test_gpio) refers to motors.o(.text.MotorInit) for MotorInit
    main.o(.text.test_gpio) refers to motors.o(.text.MoveForward) for MoveForward
    main.o(.text.test_gpio) refers to motors.o(.text.Stop) for Stop
    main.o(.text.test_gpio) refers to motors.o(.text.MoveBackward) for MoveBackward
    main.o(.text.test_gpio) refers to motors.o(.text.RotateClockwise) for RotateClockwise
    main.o(.text.test_gpio) refers to motors.o(.text.RotateCounterClockwise) for RotateCounterClockwise
    main.o(.ARM.exidx.text.test_gpio) refers to main.o(.text.test_gpio) for [Anonymous Symbol]
    main.o(.text.test_uart) refers to uart.o(.text.UART_Init) for UART_Init
    main.o(.text.test_uart) refers to uart.o(.text.SendString) for SendString
    main.o(.ARM.exidx.text.test_uart) refers to main.o(.text.test_uart) for [Anonymous Symbol]
    uart.o(.text.UART_Init) refers to stm32f10x_rcc.o(.text.RCC_APB2PeriphClockCmd) for RCC_APB2PeriphClockCmd
    uart.o(.text.UART_Init) refers to stm32f10x_gpio.o(.text.GPIO_Init) for GPIO_Init
    uart.o(.text.UART_Init) refers to stm32f10x_usart.o(.text.USART_Init) for USART_Init
    uart.o(.text.UART_Init) refers to stm32f10x_usart.o(.text.USART_Cmd) for USART_Cmd
    uart.o(.ARM.exidx.text.UART_Init) refers to uart.o(.text.UART_Init) for [Anonymous Symbol]
    uart.o(.text.Is_Avilable) refers to stm32f10x_usart.o(.text.USART_GetFlagStatus) for USART_GetFlagStatus
    uart.o(.ARM.exidx.text.Is_Avilable) refers to uart.o(.text.Is_Avilable) for [Anonymous Symbol]
    uart.o(.text.Is_Ready) refers to stm32f10x_usart.o(.text.USART_GetFlagStatus) for USART_GetFlagStatus
    uart.o(.ARM.exidx.text.Is_Ready) refers to uart.o(.text.Is_Ready) for [Anonymous Symbol]
    uart.o(.text.SendChar) refers to uart.o(.text.Is_Ready) for Is_Ready
    uart.o(.text.SendChar) refers to stm32f10x_usart.o(.text.USART_SendData) for USART_SendData
    uart.o(.ARM.exidx.text.SendChar) refers to uart.o(.text.SendChar) for [Anonymous Symbol]
    uart.o(.text.SendString) refers to stm32f10x_usart.o(.text.USART_SendData) for USART_SendData
    uart.o(.ARM.exidx.text.SendString) refers to uart.o(.text.SendString) for [Anonymous Symbol]
    uart.o(.text.ReciveChar) refers to uart.o(.text.Is_Avilable) for Is_Avilable
    uart.o(.text.ReciveChar) refers to stm32f10x_usart.o(.text.USART_ReceiveData) for USART_ReceiveData
    uart.o(.ARM.exidx.text.ReciveChar) refers to uart.o(.text.ReciveChar) for [Anonymous Symbol]
    uart.o(.text.ReciveString) refers to uart.o(.text.Is_Avilable) for Is_Avilable
    uart.o(.text.ReciveString) refers to uart.o(.text.ReciveChar) for ReciveChar
    uart.o(.ARM.exidx.text.ReciveString) refers to uart.o(.text.ReciveString) for [Anonymous Symbol]
    pwm.o(.text.PWM) refers to stm32f10x_rcc.o(.text.RCC_APB2PeriphClockCmd) for RCC_APB2PeriphClockCmd
    pwm.o(.text.PWM) refers to stm32f10x_gpio.o(.text.GPIO_Init) for GPIO_Init
    pwm.o(.text.PWM) refers to stm32f10x_tim.o(.text.TIM_CCxCmd) for TIM_CCxCmd
    pwm.o(.text.PWM) refers to stm32f10x_tim.o(.text.TIM_OC4PreloadConfig) for TIM_OC4PreloadConfig
    pwm.o(.text.PWM) refers to system_stm32f10x.o(.data.SystemCoreClock) for SystemCoreClock
    pwm.o(.text.PWM) refers to dfix.o(x$fpl$dfix) for __aeabi_d2iz
    pwm.o(.text.PWM) refers to stm32f10x_tim.o(.text.TIM_TimeBaseInit) for TIM_TimeBaseInit
    pwm.o(.text.PWM) refers to stm32f10x_tim.o(.text.TIM_ARRPreloadConfig) for TIM_ARRPreloadConfig
    pwm.o(.text.PWM) refers to stm32f10x_tim.o(.text.TIM_OC4Init) for TIM_OC4Init
    pwm.o(.text.PWM) refers to stm32f10x_tim.o(.text.TIM_GenerateEvent) for TIM_GenerateEvent
    pwm.o(.text.PWM) refers to stm32f10x_tim.o(.text.TIM_Cmd) for TIM_Cmd
    pwm.o(.ARM.exidx.text.PWM) refers to pwm.o(.text.PWM) for [Anonymous Symbol]
    pwm.o(.text.PWM_SetDutyCycle) refers to stm32f10x_tim.o(.text.TIM_DeInit) for TIM_DeInit
    pwm.o(.text.PWM_SetDutyCycle) refers to pwm.o(.text.PWM) for PWM
[...]
    ../clib/memcpset.s                       0x00000000   Number         0  rt_memclr_w.o ABSOLUTE
    ../clib/memcpset.s                       0x00000000   Number         0  strcmpv7m.o ABSOLUTE
    ../clib/printf.c                         0x00000000   Number         0  __2sprintf.o ABSOLUTE
    ../clib/printf.c                         0x00000000   Number         0  noretval__2sprintf.o ABSOLUTE
    ../clib/printf.c                         0x00000000   Number         0  __printf.o ABSOLUTE
    ../clib/printf.c                         0x00000000   Number         0  __printf_flags.o ABSOLUTE
    ../clib/printf.c                         0x00000000   Number         0  __printf_ss.o ABSOLUTE
    ../clib/printf.c                         0x00000000   Number         0  __printf_flags_ss.o ABSOLUTE
    ../clib/printf.c                         0x00000000   Number         0  __printf_wp.o ABSOLUTE
    ../clib/printf.c                         0x00000000   Number         0  __printf_flags_wp.o ABSOLUTE
    ../clib/printf.c                         0x00000000   Number         0  __printf_ss_wp.o ABSOLUTE
    ../clib/printf.c                         0x00000000   Number         0  __printf_flags_ss_wp.o ABSOLUTE
    ../clib/printf.c                         0x00000000   Number         0  _printf_fp_dec.o ABSOLUTE
    ../clib/printf.c                         0x00000000   Number         0  _printf_fp_dec_accurate.o ABSOLUTE
    ../clib/printf.c                         0x00000000   Number         0  _printf_char_common.o ABSOLUTE
    ../clib/printf.c                         0x00000000   Number         0  _sputc.o ABSOLUTE
    ../clib/printf.c                         0x00000000   Number         0  _printf_fp_infnan.o ABSOLUTE
    ../clib/printf.c                         0x00000000   Number         0  __printf_nopercent.o ABSOLUTE
    ../clib/printf_percent.s                 0x00000000   Number         0  _printf_f.o ABSOLUTE
    ../clib/printf_percent.s                 0x00000000   Number         0  _printf_percent.o ABSOLUTE
    ../clib/printf_percent.s                 0x00000000   Number         0  _printf_percent_end.o ABSOLUTE
    ../clib/signal.c                         0x00000000   Number         0  defsig_fpe_outer.o ABSOLUTE
    ../clib/signal.c                         0x00000000   Number         0  defsig_fpe_formal.o ABSOLUTE
    ../clib/signal.c                         0x00000000   Number         0  defsig_exit.o ABSOLUTE
    ../clib/signal.c                         0x00000000   Number         0  defsig_fpe_inner.o ABSOLUTE
    ../clib/signal.c                         0x00000000   Number         0  __raise.o ABSOLUTE
    ../clib/signal.c                         0x00000000   Number         0  defsig_general.o ABSOLUTE
    ../clib/signal.c                         0x00000000   Number         0  defsig_rtmem_outer.o ABSOLUTE
    ../clib/signal.c                         0x00000000   Number         0  defsig_rtmem_formal.o ABSOLUTE
    ../clib/signal.c                         0x00000000   Number         0  defsig_abrt_inner.o ABSOLUTE
    ../clib/signal.c                         0x00000000   Number         0  defsig_rtred_inner.o ABSOLUTE
    ../clib/signal.c                         0x00000000   Number         0  defsig_rtmem_inner.o ABSOLUTE
    ../clib/signal.c                         0x00000000   Number         0  defsig_stak_inner.o ABSOLUTE
    ../clib/signal.c                         0x00000000   Number         0  defsig_pvfn_inner.o ABSOLUTE
    ../clib/signal.c                         0x00000000   Number         0  defsig_cppl_inner.o ABSOLUTE
    ../clib/signal.c                         0x00000000   Number         0  defsig_segv_inner.o ABSOLUTE
    ../clib/signal.c                         0x00000000   Number         0  defsig_other.o ABSOLUTE
    ../clib/signal.s                         0x00000000   Number         0  defsig.o ABSOLUTE
    ../clib/stdlib.c                         0x00000000   Number         0  exit.o ABSOLUTE
    ../clib/string.c                         0x00000000   Number         0  strcpy.o ABSOLUTE
    ../fplib/cfplib/f2h.c                    0x00000000   Number         0  f2h.o ABSOLUTE
    ../fplib/cfplib/h2f.c                    0x00000000   Number         0  h2f.o ABSOLUTE
    ../fplib/d2f.s                           0x00000000   Number         0  d2f.o ABSOLUTE
    ../fplib/daddsub.s                       0x00000000   Number         0  daddsub_clz.o ABSOLUTE
    ../fplib/dcheck1.s                       0x00000000   Number         0  dcheck1.o ABSOLUTE
    ../fplib/dcmp.s                          0x00000000   Number         0  dcmp.o ABSOLUTE
    ../fplib/dcmpi.s                         0x00000000   Number         0  dcmpi.o ABSOLUTE
    ../fplib/ddiv.s                          0x00000000   Number         0  ddiv.o ABSOLUTE
    ../fplib/deqf.s                          0x00000000   Number         0  deqf.o ABSOLUTE
    ../fplib/dfix.s                          0x00000000   Number         0  dfix.o ABSOLUTE
    ../fplib/dflt.s                          0x00000000   Number         0  dflt_clz.o ABSOLUTE
    ../fplib/dgeqf.s                         0x00000000   Number         0  dgeqf.o ABSOLUTE
    ../fplib/dleqf.s                         0x00000000   Number         0  dleqf.o ABSOLUTE
    ../fplib/dmul.s                          0x00000000   Number         0  dmul.o ABSOLUTE
    ../fplib/dnaninf.s                       0x00000000   Number         0  dnaninf.o ABSOLUTE
    ../fplib/dretinf.s                       0x00000000   Number         0  dretinf.o ABSOLUTE
    ../fplib/dsqrt.s                         0x00000000   Number         0  dsqrt_noumaal.o ABSOLUTE
    ../fplib/f2d.s                           0x00000000   Number         0  f2d.o ABSOLUTE
    ../fplib/faddsub.s                       0x00000000   Number         0  faddsub_clz.o ABSOLUTE
    ../fplib/fcheck1.s                       0x00000000   Number         0  fcheck1.o ABSOLUTE
    ../fplib/fcmp.s                          0x00000000   Number         0  fcmp.o ABSOLUTE
    ../fplib/fcmpi.s                         0x00000000   Number         0  fcmpi.o ABSOLUTE
    ../fplib/fdiv.s                          0x00000000   Number         0  fdiv.o ABSOLUTE
    ../fplib/feqf.s                          0x00000000   Number         0  feqf.o ABSOLUTE
    ../fplib/ffix.s                          0x00000000   Number         0  ffix.o ABSOLUTE
    ../fplib/ffixll.s                        0x00000000   Number         0  ffixll.o ABSOLUTE
    ../fplib/fflt.s                          0x00000000   Number         0  fflt_clz.o ABSOLUTE
    ../fplib/fgeqf.s                         0x00000000   Number         0  fgeqf.o ABSOLUTE
    ../fplib/fleqf.s                         0x00000000   Number         0  fleqf.o ABSOLUTE
    ../fplib/fmul.s                          0x00000000   Number         0  fmul.o ABSOLUTE
    ../fplib/fnaninf.s                       0x00000000   Number         0  fnaninf.o ABSOLUTE
    ../fplib/fpinit.s                        0x00000000   Number         0  fpinit.o ABSOLUTE
    ../fplib/fpinit_empty.s                  0x00000000   Number         0  fpinit_empty.o ABSOLUTE
    ../fplib/fretinf.s                       0x00000000   Number         0  fretinf.o ABSOLUTE
    ../fplib/frnd.s                          0x00000000   Number         0  frnd.o ABSOLUTE
    ../fplib/fsqrt.s                         0x00000000   Number         0  fsqrt.o ABSOLUTE
    ../fplib/istatus.s                       0x00000000   Number         0  istatus.o ABSOLUTE
    ../fplib/printf1.s                       0x00000000   Number         0  printf1.o ABSOLUTE
    ../fplib/retnan.s                        0x00000000   Number         0  retnan.o ABSOLUTE
    ../fplib/scalbn.s                        0x00000000   Number         0  scalbn.o ABSOLUTE
    ../fplib/scalbnf.s                       0x00000000   Number         0  scalbnf.o ABSOLUTE
    ../fplib/trapv.s                         0x00000000   Number         0  trapv.o ABSOLUTE
    ../fplib/usenofp.s                       0x00000000   Number         0  usenofp.o ABSOLUTE
    ../mathlib/dunder.c                      0x00000000   Number         0  dunder.o ABSOLUTE
    ../mathlib/expf.c                        0x00000000   Number         0  expf.o ABSOLUTE
    ../mathlib/fpclassify.c                  0x00000000   Number         0  fpclassify.o ABSOLUTE
    ../mathlib/fpclassifyf.c                 0x00000000   Number         0  fpclassifyf.o ABSOLUTE
    ../mathlib/funder.c                      0x00000000   Number         0  funder.o ABSOLUTE
    ../mathlib/log.c                         0x00000000   Number         0  log.o ABSOLUTE
    ../mathlib/logf.c                        0x00000000   Number         0  logf.o ABSOLUTE
    ../mathlib/poly.c                        0x00000000   Number         0  poly.o ABSOLUTE
    ../mathlib/powf.c                        0x00000000   Number         0  powf.o ABSOLUTE
    ../mathlib/qnan.c                        0x00000000   Number         0  qnan.o ABSOLUTE
    ../mathlib/sqrt.c                        0x00000000   Number         0  sqrt.o ABSOLUTE
    ../mathlib/sqrtf.c                       0x00000000   Number         0  sqrtf.o ABSOLUTE
    ../mathlib/tanhf.c                       0x00000000   Number         0  tanhf.o ABSOLUTE
    BasicMathFunctions.c                     0x00000000   Number         0  basicmathfunctions.o ABSOLUTE
    BasicMathFunctionsF16.c                  0x00000000   Number         0  basicmathfunctionsf16.o ABSOLUTE
    BayesFunctions.c                         0x00000000   Number         0  bayesfunctions.o ABSOLUTE
    BayesFunctionsF16.c                      0x00000000   Number         0  bayesfunctionsf16.o ABSOLUTE
    CommonTables.c                           0x00000000   Number         0  commontables.o ABSOLUTE
    CommonTablesF16.c                        0x00000000   Number         0  commontablesf16.o ABSOLUTE
    ComplexMathFunctions.c                   0x00000000   Number         0  complexmathfunctions.o ABSOLUTE
    ComplexMathFunctionsF16.c                0x00000000   Number         0  complexmathfunctionsf16.o ABSOLUTE
    ControllerFunctions.c                    0x00000000   Number         0  controllerfunctions.o ABSOLUTE
    DistanceFunctions.c                      0x00000000   Number         0  distancefunctions.o ABSOLUTE
    DistanceFunctionsF16.c                   0x00000000   Number         0  distancefunctionsf16.o ABSOLUTE
    FastMathFunctions.c                      0x00000000   Number         0  fastmathfunctions.o ABSOLUTE
    FastMathFunctionsF16.c                   0x00000000   Number         0  fastmathfunctionsf16.o ABSOLUTE
    FilteringFunctions.c                     0x00000000   Number         0  filteringfunctions.o ABSOLUTE
    FilteringFunctionsF16.c                  0x00000000   Number         0  filteringfunctionsf16.o ABSOLUTE
    GPIO_STM32F10x.c                         0x00000000   Number         0  gpio_stm32f10x.o ABSOLUTE
    InterpolationFunctions.c                 0x00000000   Number         0  interpolationfunctions.o ABSOLUTE
    InterpolationFunctionsF16.c              0x00000000   Number         0  interpolationfunctionsf16.o ABSOLUTE
    MatrixFunctions.c                        0x00000000   Number         0  matrixfunctions.o ABSOLUTE
    MatrixFunctionsF16.c                     0x00000000   Number         0  matrixfunctionsf16.o ABSOLUTE
    QuaternionMathFunctions.c                0x00000000   Number         0  quaternionmathfunctions.o ABSOLUTE
    RTE/Device/STM32F103C6/startup_stm32f10x_ld.s 0x00000000   Number         0  startup_stm32f10x_ld.o ABSOLUTE
    SVMFunctions.c                           0x00000000   Number         0  svmfunctions.o ABSOLUTE
    SVMFunctionsF16.c                        0x00000000   Number         0  svmfunctionsf16.o ABSOLUTE
    StatisticsFunctions.c                    0x00000000   Number         0  statisticsfunctions.o ABSOLUTE
    StatisticsFunctionsF16.c                 0x00000000   Number         0  statisticsfunctionsf16.o ABSOLUTE
    SupportFunctions.c                       0x00000000   Number         0  supportfunctions.o ABSOLUTE
    SupportFunctionsF16.c                    0x00000000   Number         0  supportfunctionsf16.o ABSOLUTE
    TransformFunctions.c                     0x00000000   Number         0  transformfunctions.o ABSOLUTE
    TransformFunctionsF16.c                  0x00000000   Number         0  transformfunctionsf16.o ABSOLUTE
    adc.c                                    0x00000000   Number         0  adc.o ABSOLUTE
    dc.s                                     0x00000000   Number         0  dc.o ABSOLUTE
    main.c                                   0x00000000   Number         0  main.o ABSOLUTE
    misc.c                                   0x00000000   Number         0  misc.o ABSOLUTE
    motors.c                                 0x00000000   Number         0  motors.o ABSOLUTE
    pwm.c                                    0x00000000   Number         0  pwm.o ABSOLUTE
    rc_car.c                                 0x00000000   Number         0  rc_car.o ABSOLUTE
    stm32f10x_adc.c                          0x00000000   Number         0  stm32f10x_adc.o ABSOLUTE
    stm32f10x_flash.c                        0x00000000   Number         0  stm32f10x_flash.o ABSOLUTE
    stm32f10x_gpio.c                         0x00000000   Number         0  stm32f10x_gpio.o ABSOLUTE
    stm32f10x_rcc.c                          0x00000000   Number         0  stm32f10x_rcc.o ABSOLUTE
    stm32f10x_tim.c                          0x00000000   Number         0  stm32f10x_tim.o ABSOLUTE
    stm32f10x_usart.c                        0x00000000   Number         0  stm32f10x_usart.o ABSOLUTE
    system_stm32f10x.c                       0x00000000   Number         0  system_stm32f10x.o ABSOLUTE
    uart.c                                   0x00000000   Number         0  uart.o ABSOLUTE
    RESET                                    0x08000000   Section      236  startup_stm32f10x_ld.o(RESET)
    !!!main                                  0x080000ec   Section        8  __main.o(!!!main)
    !!!scatter                               0x080000f4   Section       52  __scatter.o(!!!scatter)
    !!handler_copy                           0x08000128   Section       26  __scatter_copy.o(!!handler_copy)
    !!handler_zi                             0x08000144   Section       28  __scatter_zi.o(!!handler_zi)
    .ARM.Collect$$_printf_percent$$00000000  0x08000160   Section        0  _printf_percent.o(.ARM.Collect$$_printf_percent$$00000000)
    .ARM.Collect$$_printf_percent$$00000003  0x08000160   Section        6  _printf_f.o(.ARM.Collect$$_printf_percent$$00000003)
    .ARM.Collect$$_printf_percent$$00000017  0x08000166   Section        4  _printf_percent_end.o(.ARM.Collect$$_printf_percent$$00000017)
    .ARM.Collect$$libinit$$00000000          0x0800016a   Section        2  libinit.o(.ARM.Collect$$libinit$$00000000)
    .ARM.Collect$$libinit$$00000002          0x0800016c   Section        0  libinit2.o(.ARM.Collect$$libinit$$00000002)
    .ARM.Collect$$libinit$$00000004          0x0800016c   Section        0  libinit2.o(.ARM.Collect$$libinit$$00000004)
    .ARM.Collect$$libinit$$0000000A          0x0800016c   Section        0  libinit2.o(.ARM.Collect$$libinit$$0000000A)
    .ARM.Collect$$libinit$$0000000C          0x0800016c   Section        0  libinit2.o(.ARM.Collect$$libinit$$0000000C)
    .ARM.Collect$$libinit$$0000000E          0x0800016c   Section        0  libinit2.o(.ARM.Collect$$libinit$$0000000E)
    .ARM.Collect$$libinit$$0000000F          0x0800016c   Section        6  libinit2.o(.ARM.Collect$$libinit$$0000000F)
    .ARM.Collect$$libinit$$00000011          0x08000172   Section        0  libinit2.o(.ARM.Collect$$libinit$$00000011)
    .ARM.Collect$$libinit$$00000013          0x08000172   Section        0  libinit2.o(.ARM.Collect$$libinit$$00000013)
    .ARM.Collect$$libinit$$00000015          0x08000172   Section        0  libinit2.o(.ARM.Collect$$libinit$$00000015)
    .ARM.Collect$$libinit$$00000016          0x08000172   Section       10  libinit2.o(.ARM.Collect$$libinit$$00000016)
    .ARM.Collect$$libinit$$00000017          0x0800017c   Section        0  libinit2.o(.ARM.Collect$$libinit$$00000017)
    .ARM.Collect$$libinit$$00000019          0x0800017c   Section        0  libinit2.o(.ARM.Collect$$libinit$$00000019)
    .ARM.Collect$$libinit$$0000001B          0x0800017c   Section        0  libinit2.o(.ARM.Collect$$libinit$$0000001B)
    .ARM.Collect$$libinit$$0000001D          0x0800017c   Section        0  libinit2.o(.ARM.Collect$$libinit$$0000001D)
    .ARM.Collect$$libinit$$0000001F          0x0800017c   Section        0  libinit2.o(.ARM.Collect$$libinit$$0000001F)
    .ARM.Collect$$libinit$$00000021          0x0800017c   Section        0  libinit2.o(.ARM.Collect$$libinit$$00000021)
    .ARM.Collect$$libinit$$00000023          0x0800017c   Section        0  libinit2.o(.ARM.Collect$$libinit$$00000023)
    .ARM.Collect$$libinit$$00000025          0x0800017c   Section        0  libinit2.o(.ARM.Collect$$libinit$$00000025)
    .ARM.Collect$$libinit$$0000002C          0x0800017c   Section        0  libinit2.o(.ARM.Collect$$libinit$$0000002C)
    .ARM.Collect$$libinit$$0000002E          0x0800017c   Section        0  libinit2.o(.ARM.Collect$$libinit$$0000002E)
    .ARM.Collect$$libinit$$00000030          0x0800017c   Section        0  libinit2.o(.ARM.Collect$$libinit$$00000030)
    .ARM.Collect$$libinit$$00000032          0x0800017c   Section        0  libinit2.o(.ARM.Collect$$libinit$$00000032)
    .ARM.Collect$$libinit$$00000033          0x0800017c   Section        2  libinit2.o(.ARM.Collect$$libinit$$00000033)
    .ARM.Collect$$libshutdown$$00000000      0x0800017e   Section        2  libshutdown.o(.ARM.Collect$$libshutdown$$00000000)
    .ARM.Collect$$libshutdown$$00000002      0x08000180   Section        0  libshutdown2.o(.ARM.Collect$$libshutdown$$00000002)
    .ARM.Collect$$libshutdown$$00000004      0x08000180   Section        0  libshutdown2.o(.ARM.Collect$$libshutdown$$00000004)
    .ARM.Collect$$libshutdown$$00000007      0x08000180   Section        0  libshutdown2.o(.ARM.Collect$$libshutdown$$00000007)
    .ARM.Collect$$libshutdown$$0000000A      0x08000180   Section        0  libshutdown2.o(.ARM.Collect$$libshutdown$$0000000A)
    .ARM.Collect$$libshutdown$$0000000C      0x08000180   Section        0  libshutdown2.o(.ARM.Collect$$libshutdown$$0000000C)
    .ARM.Collect$$libshutdown$$0000000F      0x08000180   Section        0  libshutdown2.o(.ARM.Collect$$libshutdown$$0000000F)
    .ARM.Collect$$libshutdown$$00000010      0x08000180   Section        2  libshutdown2.o(.ARM.Collect$$libshutdown$$00000010)
    .ARM.Collect$$rtentry$$00000000          0x08000182   Section        0  __rtentry.o(.ARM.Collect$$rtentry$$00000000)
    .ARM.Collect$$rtentry$$00000002          0x08000182   Section        0  __rtentry2.o(.ARM.Collect$$rtentry$$00000002)
    .ARM.Collect$$rtentry$$00000004          0x08000182   Section        6  __rtentry4.o(.ARM.Collect$$rtentry$$00000004)
    .ARM.Collect$$rtentry$$00000009          0x08000188   Section        0  __rtentry2.o(.ARM.Collect$$rtentry$$00000009)
    .ARM.Collect$$rtentry$$0000000A          0x08000188   Section        4  __rtentry2.o(.ARM.Collect$$rtentry$$0000000A)
    .ARM.Collect$$rtentry$$0000000C          0x0800018c   Section        0  __rtentry2.o(.ARM.Collect$$rtentry$$0000000C)
    .ARM.Collect$$rtentry$$0000000D          0x0800018c   Section        8  __rtentry2.o(.ARM.Collect$$rtentry$$0000000D)
    .ARM.Collect$$rtexit$$00000000           0x08000194   Section        2  rtexit.o(.ARM.Collect$$rtexit$$00000000)
    .ARM.Collect$$rtexit$$00000002           0x08000196   Section        0  rtexit2.o(.ARM.Collect$$rtexit$$00000002)
    .ARM.Collect$$rtexit$$00000003           0x08000196   Section        4  rtexit2.o(.ARM.Collect$$rtexit$$00000003)
    .ARM.Collect$$rtexit$$00000004           0x0800019a   Section        6  rtexit2.o(.ARM.Collect$$rtexit$$00000004)
    .text                                    0x080001a0   Section       56  startup_stm32f10x_ld.o(.text)
    .text                                    0x080001d8   Section        0  noretval__2sprintf.o(.text)
    .text                                    0x08000200   Section        0  __printf.o(.text)
    .text                                    0x08000268   Section        0  strcpy.o(.text)
    .text                                    0x080002b0   Section        0  heapauxi.o(.text)
    _fp_digits                               0x080002b7   Thumb Code   432  _printf_fp_dec.o(.text)
    .text                                    0x080002b6   Section        0  _printf_fp_dec.o(.text)
    _printf_input_char                       0x080006d5   Thumb Code    10  _printf_char_common.o(.text)
    .text                                    0x080006d4   Section        0  _printf_char_common.o(.text)
    .text                                    0x08000704   Section        0  _sputc.o(.text)
    .text                                    0x08000710   Section        8  rt_locale_intlibspace.o(.text)
    .text                                    0x08000718   Section      138  lludiv10.o(.text)
    .text                                    0x080007a4   Section        0  _printf_fp_infnan.o(.text)
    .text                                    0x08000824   Section        0  bigflt0.o(.text)
    .text                                    0x08000908   Section        8  libspace.o(.text)
    .text                                    0x08000910   Section       74  sys_stackheap_outer.o(.text)
    .text                                    0x0800095a   Section        0  exit.o(.text)
    .text                                    0x0800096c   Section      128  strcmpv7m.o(.text)
    .text                                    0x080009ec   Section        0  sys_exit.o(.text)
    .text                                    0x080009f8   Section        2  use_no_semi.o(.text)
    .text                                    0x080009fa   Section        0  indicate_semi.o(.text)
    [Anonymous Symbol]                       0x080009fc   Section        0  stm32f10x_adc.o(.text.ADC_Cmd)
    [Anonymous Symbol]                       0x08000a0c   Section        0  stm32f10x_adc.o(.text.ADC_GetConversionValue)
    [Anonymous Symbol]                       0x08000a14   Section        0  stm32f10x_adc.o(.text.ADC_Init)
    [Anonymous Symbol]                       0x08000a68   Section        0  adc.o(.text.ADC_Init_)
    [Anonymous Symbol]                       0x08000adc   Section        0  stm32f10x_adc.o(.text.ADC_RegularChannelConfig)
    [Anonymous Symbol]                       0x08000b40   Section        0  stm32f10x_adc.o(.text.ADC_SoftwareStartConvCmd)
    [Anonymous Symbol]                       0x08000b54   Section        0  motors.o(.text.Accelerate)
    [Anonymous Symbol]                       0x08000b8c   Section        0  motors.o(.text.Decelerate)
    [Anonymous Symbol]                       0x08000bc4   Section        0  stm32f10x_flash.o(.text.FLASH_PrefetchBufferCmd)
    [Anonymous Symbol]                       0x08000bdc   Section        0  stm32f10x_flash.o(.text.FLASH_SetLatency)
    [Anonymous Symbol]                       0x08000bf0   Section        0  stm32f10x_gpio.o(.text.GPIO_Init)
    [Anonymous Symbol]                       0x08000ca0   Section        0  stm32f10x_gpio.o(.text.GPIO_WriteBit)
    [Anonymous Symbol]                       0x08000cac   Section        0  adc.o(.text.GetMaxTemprature)
    [Anonymous Symbol]                       0x08000cb8   Section        0  adc.o(.text.GetTemprature)
    [Anonymous Symbol]                       0x08000cf8   Section        0  uart.o(.text.Is_Avilable)
    LeftMotorBackward                        0x08000d0d   Thumb Code    32  motors.o(.text.LeftMotorBackward)
    [Anonymous Symbol]                       0x08000d0c   Section        0  motors.o(.text.LeftMotorBackward)
    LeftMotorForward                         0x08000d2d   Thumb Code    32  motors.o(.text.LeftMotorForward)
    [Anonymous Symbol]                       0x08000d2c   Section        0  motors.o(.text.LeftMotorForward)
    [Anonymous Symbol]                       0x08000d4c   Section        0  motors.o(.text.MotorInit)
    MotorStop                                0x08000d85   Thumb Code    52  motors.o(.text.MotorStop)
    [Anonymous Symbol]                       0x08000d84   Section        0  motors.o(.text.MotorStop)
    [Anonymous Symbol]                       0x08000db8   Section        0  motors.o(.text.MoveBackward)
    [Anonymous Symbol]                       0x08000dd0   Section        0  motors.o(.text.MoveForward)
    [Anonymous Symbol]                       0x08000de8   Section        0  pwm.o(.text.PWM)
    [Anonymous Symbol]                       0x08000ea8   Section        0  pwm.o(.text.PWM_SetDutyCycle)
    [Anonymous Symbol]                       0x08000ec8   Section        0  rc_car.o(.text.PrintData)
    [Anonymous Symbol]                       0x08000f34   Section        0  rc_car.o(.text.PrintMaxTemprature)
    [Anonymous Symbol]                       0x08000f64   Section        0  stm32f10x_rcc.o(.text.RCC_APB1PeriphResetCmd)
    [Anonymous Symbol]                       0x08000f7c   Section        0  stm32f10x_rcc.o(.text.RCC_APB2PeriphClockCmd)
    [Anonymous Symbol]                       0x08000f94   Section        0  stm32f10x_rcc.o(.text.RCC_APB2PeriphResetCmd)
    [Anonymous Symbol]                       0x08000fac   Section        0  stm32f10x_rcc.o(.text.RCC_DeInit)
    [Anonymous Symbol]                       0x08000ff0   Section        0  stm32f10x_rcc.o(.text.RCC_GetClocksFreq)
    [Anonymous Symbol]                       0x08001090   Section        0  stm32f10x_rcc.o(.text.RCC_GetFlagStatus)
    [Anonymous Symbol]                       0x080010bc   Section        0  stm32f10x_rcc.o(.text.RCC_GetSYSCLKSource)
    [Anonymous Symbol]                       0x080010cc   Section        0  stm32f10x_rcc.o(.text.RCC_HCLKConfig)
    [Anonymous Symbol]                       0x080010e0   Section        0  stm32f10x_rcc.o(.text.RCC_HSEConfig)
    [Anonymous Symbol]                       0x08001114   Section        0  stm32f10x_rcc.o(.text.RCC_PCLK1Config)
    [Anonymous Symbol]                       0x08001128   Section        0  stm32f10x_rcc.o(.text.RCC_PCLK2Config)
    [Anonymous Symbol]                       0x08001140   Section        0  stm32f10x_rcc.o(.text.RCC_PLLCmd)
    [Anonymous Symbol]                       0x0800114c   Section        0  stm32f10x_rcc.o(.text.RCC_PLLConfig)
    [Anonymous Symbol]                       0x08001164   Section        0  stm32f10x_rcc.o(.text.RCC_SYSCLKConfig)
    [Anonymous Symbol]                       0x08001178   Section        0  stm32f10x_rcc.o(.text.RCC_WaitForHSEStartUp)
    [Anonymous Symbol]                       0x080011a8   Section        0  rc_car.o(.text.RC_Car_Init)
    [Anonymous Symbol]                       0x080011d8   Section        0  adc.o(.text.ReadADC)
    [Anonymous Symbol]                       0x080011e8   Section        0  uart.o(.text.ReciveChar)
    RightMotorBackward                       0x08001205   Thumb Code    32  motors.o(.text.RightMotorBackward)
    [Anonymous Symbol]                       0x08001204   Section        0  motors.o(.text.RightMotorBackward)
    RightMotorForward                        0x08001225   Thumb Code    32  motors.o(.text.RightMotorForward)
    [Anonymous Symbol]                       0x08001224   Section        0  motors.o(.text.RightMotorForward)
    [Anonymous Symbol]                       0x08001244   Section        0  motors.o(.text.RotateClockwise)
    [Anonymous Symbol]                       0x0800125c   Section        0  motors.o(.text.RotateCounterClockwise)
    [Anonymous Symbol]                       0x08001274   Section        0  uart.o(.text.SendString)
    SetSpeed                                 0x08001299   Thumb Code    12  motors.o(.text.SetSpeed)
    [Anonymous Symbol]                       0x08001298   Section        0  motors.o(.text.SetSpeed)
    [Anonymous Symbol]                       0x080012a4   Section        0  rc_car.o(.text.SetSysClockTo72)
    [Anonymous Symbol]                       0x0800130c   Section        0  rc_car.o(.text.StartRCCar)
    [Anonymous Symbol]                       0x080013bc   Section        0  motors.o(.text.Stop)
    [Anonymous Symbol]                       0x080013d0   Section        0  stm32f10x_tim.o(.text.TIM_ARRPreloadConfig)
    [Anonymous Symbol]                       0x080013e4   Section        0  stm32f10x_tim.o(.text.TIM_CCxCmd)
    [Anonymous Symbol]                       0x08001404   Section        0  stm32f10x_tim.o(.text.TIM_Cmd)
    [Anonymous Symbol]                       0x08001418   Section        0  stm32f10x_tim.o(.text.TIM_DeInit)
    [Anonymous Symbol]                       0x08001648   Section        0  stm32f10x_tim.o(.text.TIM_GenerateEvent)
    [Anonymous Symbol]                       0x0800164c   Section        0  stm32f10x_tim.o(.text.TIM_OC4Init)
    [Anonymous Symbol]                       0x080016ac   Section        0  stm32f10x_tim.o(.text.TIM_OC4PreloadConfig)
    [Anonymous Symbol]                       0x080016bc   Section        0  stm32f10x_tim.o(.text.TIM_TimeBaseInit)
    [Anonymous Symbol]                       0x08001768   Section        0  uart.o(.text.UART_Init)
    [Anonymous Symbol]                       0x080017dc   Section        0  stm32f10x_usart.o(.text.USART_Cmd)
    [Anonymous Symbol]                       0x080017f0   Section        0  stm32f10x_usart.o(.text.USART_GetFlagStatus)
    [Anonymous Symbol]                       0x080017fc   Section        0  stm32f10x_usart.o(.text.USART_Init)
    [Anonymous Symbol]                       0x080018b4   Section        0  stm32f10x_usart.o(.text.USART_ReceiveData)
    [Anonymous Symbol]                       0x080018bc   Section        0  stm32f10x_usart.o(.text.USART_SendData)
    [Anonymous Symbol]                       0x080018c4   Section        0  main.o(.text.main)
    CL$$btod_d2e                             0x080018d2   Section       62  btod.o(CL$$btod_d2e)
    CL$$btod_d2e_denorm_low                  0x08001910   Section       70  btod.o(CL$$btod_d2e_denorm_low)
    CL$$btod_d2e_norm_op1                    0x08001956   Section       96  btod.o(CL$$btod_d2e_norm_op1)
    CL$$btod_div_common                      0x080019b8   Section      824  btod.o(CL$$btod_div_common)
    CL$$btod_e2e                             0x08001cf0   Section      220  btod.o(CL$$btod_e2e)
    CL$$btod_ediv                            0x08001dcc   Section       42  btod.o(CL$$btod_ediv)
    CL$$btod_emul                            0x08001df6   Section       42  btod.o(CL$$btod_emul)
    CL$$btod_mult_common                     0x08001e20   Section      580  btod.o(CL$$btod_mult_common)
    i.__ARM_fpclassify                       0x08002064   Section        0  fpclassify.o(i.__ARM_fpclassify)
    locale$$code                             0x0800208c   Section       44  lc_numeric_c.o(locale$$code)
    x$fpl$dfix                               0x080020b8   Section       94  dfix.o(x$fpl$dfix)
    x$fpl$dnaninf                            0x08002116   Section      156  dnaninf.o(x$fpl$dnaninf)
    x$fpl$dretinf                            0x080021b2   Section       12  dretinf.o(x$fpl$dretinf)
    x$fpl$f2d                                0x080021c0   Section       86  f2d.o(x$fpl$f2d)
    x$fpl$fadd                               0x08002218   Section      196  faddsub_clz.o(x$fpl$fadd)
    _fadd1                                   0x08002227   Thumb Code     0  faddsub_clz.o(x$fpl$fadd)
    x$fpl$fcmp                               0x080022dc   Section       84  fcmp.o(x$fpl$fcmp)
    x$fpl$fcmpinf                            0x08002330   Section       24  fcmpi.o(x$fpl$fcmpinf)
    _fdiv1                                   0x08002349   Thumb Code     0  fdiv.o(x$fpl$fdiv)
    x$fpl$fdiv                               0x08002348   Section      388  fdiv.o(x$fpl$fdiv)
    x$fpl$feqf                               0x080024cc   Section      104  feqf.o(x$fpl$feqf)
    x$fpl$ffltu                              0x08002534   Section       38  fflt_clz.o(x$fpl$ffltu)
    x$fpl$fgeqf                              0x0800255c   Section      104  fgeqf.o(x$fpl$fgeqf)
    x$fpl$fleqf                              0x080025c4   Section      104  fleqf.o(x$fpl$fleqf)
    x$fpl$fmul                               0x0800262c   Section      258  fmul.o(x$fpl$fmul)
    x$fpl$fnaninf                            0x0800272e   Section      140  fnaninf.o(x$fpl$fnaninf)
    x$fpl$fretinf                            0x080027ba   Section       10  fretinf.o(x$fpl$fretinf)
    x$fpl$fsub                               0x080027c4   Section      234  faddsub_clz.o(x$fpl$fsub)
    _fsub1                                   0x080027d3   Thumb Code     0  faddsub_clz.o(x$fpl$fsub)
    x$fpl$printf1                            0x080028ae   Section        4  printf1.o(x$fpl$printf1)
    x$fpl$usenofp                            0x080028b2   Section        0  usenofp.o(x$fpl$usenofp)
    tenpwrs_x                                0x080028b4   Data          60  bigflt0.o(.constdata)
    .constdata                               0x080028b4   Section      148  bigflt0.o(.constdata)
    tenpwrs_i                                0x080028f0   Data          64  bigflt0.o(.constdata)
    ADCPrescTable                            0x08002948   Data           4  stm32f10x_rcc.o(.rodata.ADCPrescTable)
    [Anonymous Symbol]                       0x08002948   Section        0  stm32f10x_rcc.o(.rodata.ADCPrescTable)
    APBAHBPrescTable                         0x0800294c   Data          16  stm32f10x_rcc.o(.rodata.APBAHBPrescTable)
    [Anonymous Symbol]                       0x0800294c   Section        0  stm32f10x_rcc.o(.rodata.APBAHBPrescTable)
    .L.str                                   0x0800295c   Data           3  rc_car.o(.rodata.str1.1)
    [Anonymous Symbol]                       0x0800295c   Section        0  rc_car.o(.rodata.str1.1)
    locale$$data                             0x08002980   Section       28  lc_numeric_c.o(locale$$data)
    __lcnum_c_name                           0x08002984   Data           2  lc_numeric_c.o(locale$$data)
    __lcnum_c_start                          0x0800298c   Data           0  lc_numeric_c.o(locale$$data)
    __lcnum_c_point                          0x08002998   Data           0  lc_numeric_c.o(locale$$data)
    __lcnum_c_thousands                      0x0800299a   Data           0  lc_numeric_c.o(locale$$data)
    __lcnum_c_grouping                       0x0800299b   Data           0  lc_numeric_c.o(locale$$data)
    __lcnum_c_end                            0x0800299c   Data           0  lc_numeric_c.o(locale$$data)
    .bss                                     0x20000010   Section       96  libspace.o(.bss)
    Heap_Mem                                 0x20000078   Data         512  startup_stm32f10x_ld.o(HEAP)
    HEAP                                     0x20000078   Section      512  startup_stm32f10x_ld.o(HEAP)
    Stack_Mem                                0x20000278   Data        1024  startup_stm32f10x_ld.o(STACK)
    STACK                                    0x20000278   Section     1024  startup_stm32f10x_ld.o(STACK)
    __initial_sp                             0x20000678   Data           0  startup_stm32f10x_ld.o(STACK)

    Global Symbols

    Symbol Name                              Value     Ov Type        Size  Object(Section)

    BuildAttributes$$THM_ISAv4$P$D$K$B$S$PE$A:L22UL41UL21$X:L11$S22US41US21$IEEE1$IW$~IW$USESV6$~STKCKD$USESV7$~SHL$OTIME$ROPI$IEEEX$EBA8$UX$STANDARDLIB$REQ8$PRES8$EABIv2 0x00000000   Number         0  anon$$obj.o ABSOLUTE
    __fp_init_empty                          0x00000000   Number         0  fpinit_empty.o ABSOLUTE
    __ARM_exceptions_init                     - Undefined Weak Reference
    __alloca_initialize                       - Undefined Weak Reference
    __arm_preinit_                            - Undefined Weak Reference
    __cpp_initialize__aeabi_                  - Undefined Weak Reference
    __cxa_finalize                            - Undefined Weak Reference
    __sigvec_lookup                           - Undefined Weak Reference
    _atexit_init                              - Undefined Weak Reference
    _call_atexit_fns                          - Undefined Weak Reference
    _clock_init                               - Undefined Weak Reference
    _fp_trap_init                             - Undefined Weak Reference
    _fp_trap_shutdown                         - Undefined Weak Reference
    _get_lc_collate                           - Undefined Weak Reference
    _get_lc_ctype                             - Undefined Weak Reference
    _get_lc_monetary                          - Undefined Weak Reference
    _get_lc_time                              - Undefined Weak Reference
    _getenv_init                              - Undefined Weak Reference
    _handle_redirection                       - Undefined Weak Reference
    _init_alloc                               - Undefined Weak Reference
    _init_user_alloc                          - Undefined Weak Reference
    _initio                                   - Undefined Weak Reference
    _printf_post_padding                      - Undefined Weak Reference
    _printf_pre_padding                       - Undefined Weak Reference
    _rand_init                                - Undefined Weak Reference
    _signal_finish                            - Undefined Weak Reference
    _signal_init                              - Undefined Weak Reference
    _terminate_alloc                          - Undefined Weak Reference
    _terminate_user_alloc                     - Undefined Weak Reference
    _terminateio                              - Undefined Weak Reference
    __Vectors_Size                           0x000000ec   Number         0  startup_stm32f10x_ld.o ABSOLUTE
    __Vectors                                0x08000000   Data           4  startup_stm32f10x_ld.o(RESET)
    __Vectors_End                            0x080000ec   Data           0  startup_stm32f10x_ld.o(RESET)
    __main                                   0x080000ed   Thumb Code     8  __main.o(!!!main)
    __scatterload                            0x080000f5   Thumb Code     0  __scatter.o(!!!scatter)
    __scatterload_rt2                        0x080000f5   Thumb Code    44  __scatter.o(!!!scatter)
    __scatterload_rt2_thumb_only             0x080000f5   Thumb Code     0  __scatter.o(!!!scatter)
    __scatterload_null                       0x08000103   Thumb Code     0  __scatter.o(!!!scatter)
    __scatterload_copy                       0x08000129   Thumb Code    26  __scatter_copy.o(!!handler_copy)
    __scatterload_zeroinit                   0x08000145   Thumb Code    28  __scatter_zi.o(!!handler_zi)
    _printf_f                                0x08000161   Thumb Code     0  _printf_f.o(.ARM.Collect$$_printf_percent$$00000003)
    _printf_percent                          0x08000161   Thumb Code     0  _printf_percent.o(.ARM.Collect$$_printf_percent$$00000000)
    _printf_percent_end                      0x08000167   Thumb Code     0  _printf_percent_end.o(.ARM.Collect$$_printf_percent$$00000017)
    __rt_lib_init                            0x0800016b   Thumb Code     0  libinit.o(.ARM.Collect$$libinit$$00000000)
    __rt_lib_init_fp_1                       0x0800016d   Thumb Code     0  libinit2.o(.ARM.Collect$$libinit$$00000002)
    __rt_lib_init_heap_1                     0x0800016d   Thumb Code     0  libinit2.o(.ARM.Collect$$libinit$$0000000A)
    __rt_lib_init_lc_common                  0x0800016d   Thumb Code     0  libinit2.o(.ARM.Collect$$libinit$$0000000F)
    __rt_lib_init_preinit_1                  0x0800016d   Thumb Code     0  libinit2.o(.ARM.Collect$$libinit$$00000004)
    __rt_lib_init_rand_1                     0x0800016d   Thumb Code     0  libinit2.o(.ARM.Collect$$libinit$$0000000E)
    __rt_lib_init_user_alloc_1               0x0800016d   Thumb Code     0  libinit2.o(.ARM.Collect$$libinit$$0000000C)
    __rt_lib_init_lc_collate_1               0x08000173   Thumb Code     0  libinit2.o(.ARM.Collect$$libinit$$00000011)
    __rt_lib_init_lc_ctype_1                 0x08000173   Thumb Code     0  libinit2.o(.ARM.Collect$$libinit$$00000013)
    __rt_lib_init_lc_monetary_1              0x08000173   Thumb Code     0  libinit2.o(.ARM.Collect$$libinit$$00000015)
    __rt_lib_init_lc_numeric_2               0x08000173   Thumb Code     0  libinit2.o(.ARM.Collect$$libinit$$00000016)
    __rt_lib_init_alloca_1                   0x0800017d   Thumb Code     0  libinit2.o(.ARM.Collect$$libinit$$0000002E)
    __rt_lib_init_argv_1                     0x0800017d   Thumb Code     0  libinit2.o(.ARM.Collect$$libinit$$0000002C)
    __rt_lib_init_atexit_1                   0x0800017d   Thumb Code     0  libinit2.o(.ARM.Collect$$libinit$$0000001B)
    __rt_lib_init_clock_1                    0x0800017d   Thumb Code     0  libinit2.o(.ARM.Collect$$libinit$$00000021)
    __rt_lib_init_cpp_1                      0x0800017d   Thumb Code     0  libinit2.o(.ARM.Collect$$libinit$$00000032)
    __rt_lib_init_exceptions_1               0x0800017d   Thumb Code     0  libinit2.o(.ARM.Collect$$libinit$$00000030)
    __rt_lib_init_fp_trap_1                  0x0800017d   Thumb Code     0  libinit2.o(.ARM.Collect$$libinit$$0000001F)
    __rt_lib_init_getenv_1                   0x0800017d   Thumb Code     0  libinit2.o(.ARM.Collect$$libinit$$00000023)
    __rt_lib_init_lc_numeric_1               0x0800017d   Thumb Code     0  libinit2.o(.ARM.Collect$$libinit$$00000017)
    __rt_lib_init_lc_time_1                  0x0800017d   Thumb Code     0  libinit2.o(.ARM.Collect$$libinit$$00000019)
    __rt_lib_init_return                     0x0800017d   Thumb Code     0  libinit2.o(.ARM.Collect$$libinit$$00000033)
    __rt_lib_init_signal_1                   0x0800017d   Thumb Code     0  libinit2.o(.ARM.Collect$$libinit$$0000001D)
    __rt_lib_init_stdio_1                    0x0800017d   Thumb Code     0  libinit2.o(.ARM.Collect$$libinit$$00000025)
    __rt_lib_shutdown                        0x0800017f   Thumb Code     0  libshutdown.o(.ARM.Collect$$libshutdown$$00000000)
    __rt_lib_shutdown_cpp_1                  0x08000181   Thumb Code     0  libshutdown2.o(.ARM.Collect$$libshutdown$$00000002)
    __rt_lib_shutdown_fp_trap_1              0x08000181   Thumb Code     0  libshutdown2.o(.ARM.Collect$$libshutdown$$00000007)
    __rt_lib_shutdown_heap_1                 0x08000181   Thumb Code     0  libshutdown2.o(.ARM.Collect$$libshutdown$$0000000F)
    __rt_lib_shutdown_return                 0x08000181   Thumb Code     0  libshutdown2.o(.ARM.Collect$$libshutdown$$00000010)
    __rt_lib_shutdown_signal_1               0x08000181   Thumb Code     0  libshutdown2.o(.ARM.Collect$$libshutdown$$0000000A)
    __rt_lib_shutdown_stdio_1                0x08000181   Thumb Code     0  libshutdown2.o(.ARM.Collect$$libshutdown$$00000004)
    __rt_lib_shutdown_user_alloc_1           0x08000181   Thumb Code     0  libshutdown2.o(.ARM.Collect$$libshutdown$$0000000C)
    __rt_entry                               0x08000183   Thumb Code     0  __rtentry.o(.ARM.Collect$$rtentry$$00000000)
    __rt_entry_presh_1                       0x08000183   Thumb Code     0  __rtentry2.o(.ARM.Collect$$rtentry$$00000002)
    __rt_entry_sh                            0x08000183   Thumb Code     0  __rtentry4.o(.ARM.Collect$$rtentry$$00000004)
    __rt_entry_li                            0x08000189   Thumb Code     0  __rtentry2.o(.ARM.Collect$$rtentry$$0000000A)
    __rt_entry_postsh_1                      0x08000189   Thumb Code     0  __rtentry2.o(.ARM.Collect$$rtentry$$00000009)
    __rt_entry_main                          0x0800018d   Thumb Code     0  __rtentry2.o(.ARM.Collect$$rtentry$$0000000D)
    __rt_entry_postli_1                      0x0800018d   Thumb Code     0  __rtentry2.o(.ARM.Collect$$rtentry$$0000000C)
    __rt_exit                                0x08000195   Thumb Code     0  rtexit.o(.ARM.Collect$$rtexit$$00000000)
    __rt_exit_ls                             0x08000197   Thumb Code     0  rtexit2.o(.ARM.Collect$$rtexit$$00000003)
    __rt_exit_prels_1                        0x08000197   Thumb Code     0  rtexit2.o(.ARM.Collect$$rtexit$$00000002)
    __rt_exit_exit                           0x0800019b   Thumb Code     0  rtexit2.o(.ARM.Collect$$rtexit$$00000004)
    Reset_Handler                            0x080001a1   Thumb Code     4  startup_stm32f10x_ld.o(.text)
    NMI_Handler                              0x080001a5   Thumb Code     2  startup_stm32f10x_ld.o(.text)
    HardFault_Handler                        0x080001a7   Thumb Code     2  startup_stm32f10x_ld.o(.text)
    MemManage_Handler                        0x080001a9   Thumb Code     2  startup_stm32f10x_ld.o(.text)
    BusFault_Handler                         0x080001ab   Thumb Code     2  startup_stm32f10x_ld.o(.text)
    UsageFault_Handler                       0x080001ad   Thumb Code     2  startup_stm32f10x_ld.o(.text)
    SVC_Handler                              0x080001af   Thumb Code     2  startup_stm32f10x_ld.o(.text)
    DebugMon_Handler                         0x080001b1   Thumb Code     2  startup_stm32f10x_ld.o(.text)
    PendSV_Handler                           0x080001b3   Thumb Code     2  startup_stm32f10x_ld.o(.text)
    SysTick_Handler                          0x080001b5   Thumb Code     2  startup_stm32f10x_ld.o(.text)
    ADC1_2_IRQHandler                        0x080001b7   Thumb Code     0  startup_stm32f10x_ld.o(.text)
    CAN1_RX1_IRQHandler                      0x080001b7   Thumb Code     0  startup_stm32f10x_ld.o(.text)
    CAN1_SCE_IRQHandler                      0x080001b7   Thumb Code     0  startup_stm32f10x_ld.o(.text)
    DMA1_Channel1_IRQHandler                 0x080001b7   Thumb Code     0  startup_stm32f10x_ld.o(.text)
    DMA1_Channel2_IRQHandler                 0x080001b7   Thumb Code     0  startup_stm32f10x_ld.o(.text)
    DMA1_Channel3_IRQHandler                 0x080001b7   Thumb Code     0  startup_stm32f10x_ld.o(.text)
    DMA1_Channel4_IRQHandler                 0x080001b7   Thumb Code     0  startup_stm32f10x_ld.o(.text)
    DMA1_Channel5_IRQHandler                 0x080001b7   Thumb Code     0  startup_stm32f10x_ld.o(.text)
    DMA1_Channel6_IRQHandler                 0x080001b7   Thumb Code     0  startup_stm32f10x_ld.o(.text)
    DMA1_Channel7_IRQHandler                 0x080001b7   Thumb Code     0  startup_stm32f10x_ld.o(.text)
    EXTI0_IRQHandler                         0x080001b7   Thumb Code     0  startup_stm32f10x_ld.o(.text)
    EXTI15_10_IRQHandler                     0x080001b7   Thumb Code     0  startup_stm32f10x_ld.o(.text)
    EXTI1_IRQHandler                         0x080001b7   Thumb Code     0  startup_stm32f10x_ld.o(.text)
    EXTI2_IRQHandler                         0x080001b7   Thumb Code     0  startup_stm32f10x_ld.o(.text)
    EXTI3_IRQHandler                         0x080001b7   Thumb Code     0  startup_stm32f10x_ld.o(.text)
    EXTI4_IRQHandler                         0x080001b7   Thumb Code     0  startup_stm32f10x_ld.o(.text)
    EXTI9_5_IRQHandler                       0x080001b7   Thumb Code     0  startup_stm32f10x_ld.o(.text)
    FLASH_IRQHandler                         0x080001b7   Thumb Code     0  startup_stm32f10x_ld.o(.text)
    I2C1_ER_IRQHandler                       0x080001b7   Thumb Code     0  startup_stm32f10x_ld.o(.text)
    I2C1_EV_IRQHandler                       0x080001b7   Thumb Code     0  startup_stm32f10x_ld.o(.text)
    PVD_IRQHandler                           0x080001b7   Thumb Code     0  startup_stm32f10x_ld.o(.text)
    RCC_IRQHandler                           0x080001b7   Thumb Code     0  startup_stm32f10x_ld.o(.text)
    RTCAlarm_IRQHandler                      0x080001b7   Thumb Code     0  startup_stm32f10x_ld.o(.text)
    RTC_IRQHandler                           0x080001b7   Thumb Code     0  startup_stm32f10x_ld.o(.text)
    SPI1_IRQHandler                          0x080001b7   Thumb Code     0  startup_stm32f10x_ld.o(.text)
    TAMPER_IRQHandler                        0x080001b7   Thumb Code     0  startup_stm32f10x_ld.o(.text)
    TIM1_BRK_IRQHandler                      0x080001b7   Thumb Code     0  startup_stm32f10x_ld.o(.text)
    TIM1_CC_IRQHandler                       0x080001b7   Thumb Code     0  startup_stm32f10x_ld.o(.text)
    TIM1_TRG_COM_IRQHandler                  0x080001b7   Thumb Code     0  startup_stm32f10x_ld.o(.text)
    TIM1_UP_IRQHandler                       0x080001b7   Thumb Code     0  startup_stm32f10x_ld.o(.text)
    TIM2_IRQHandler                          0x080001b7   Thumb Code     0  startup_stm32f10x_ld.o(.text)
    TIM3_IRQHandler                          0x080001b7   Thumb Code     0  startup_stm32f10x_ld.o(.text)
    USART1_IRQHandler                        0x080001b7   Thumb Code     0  startup_stm32f10x_ld.o(.text)
    USART2_IRQHandler                        0x080001b7   Thumb Code     0  startup_stm32f10x_ld.o(.text)
    USBWakeUp_IRQHandler                     0x080001b7   Thumb Code     0  startup_stm32f10x_ld.o(.text)
    USB_HP_CAN1_TX_IRQHandler                0x080001b7   Thumb Code     0  startup_stm32f10x_ld.o(.text)
    USB_LP_CAN1_RX0_IRQHandler               0x080001b7   Thumb Code     0  startup_stm32f10x_ld.o(.text)
    WWDG_IRQHandler                          0x080001b7   Thumb Code     0  startup_stm32f10x_ld.o(.text)
    __user_initial_stackheap                 0x080001b9   Thumb Code     0  startup_stm32f10x_ld.o(.text)
    __2sprintf                               0x080001d9   Thumb Code    34  noretval__2sprintf.o(.text)
    __printf                                 0x08000201   Thumb Code   104  __printf.o(.text)
    strcpy                                   0x08000269   Thumb Code    72  strcpy.o(.text)
    __use_two_region_memory                  0x080002b1   Thumb Code     2  heapauxi.o(.text)
    __rt_heap_escrow$2region                 0x080002b3   Thumb Code     2  heapauxi.o(.text)
    __rt_heap_expand$2region                 0x080002b5   Thumb Code     2  heapauxi.o(.text)
    _printf_fp_dec_real                      0x08000467   Thumb Code   620  _printf_fp_dec.o(.text)
    _printf_char_common                      0x080006df   Thumb Code    32  _printf_char_common.o(.text)
    _sputc                                   0x08000705   Thumb Code    10  _sputc.o(.text)
    __rt_locale                              0x08000711   Thumb Code     8  rt_locale_intlibspace.o(.text)
    _ll_udiv10                               0x08000719   Thumb Code   138  lludiv10.o(.text)
    _printf_fp_infnan                        0x080007a5   Thumb Code   112  _printf_fp_infnan.o(.text)
    _btod_etento                             0x08000825   Thumb Code   224  bigflt0.o(.text)
    __user_libspace                          0x08000909   Thumb Code     8  libspace.o(.text)
    __user_perproc_libspace                  0x08000909   Thumb Code     0  libspace.o(.text)
    __user_perthread_libspace                0x08000909   Thumb Code     0  libspace.o(.text)
    __user_setup_stackheap                   0x08000911   Thumb Code    74  sys_stackheap_outer.o(.text)
    exit                                     0x0800095b   Thumb Code    18  exit.o(.text)
    strcmp                                   0x0800096d   Thumb Code   128  strcmpv7m.o(.text)
    _sys_exit                                0x080009ed   Thumb Code     8  sys_exit.o(.text)
    __I$use$semihosting                      0x080009f9   Thumb Code     0  use_no_semi.o(.text)
    __use_no_semihosting_swi                 0x080009f9   Thumb Code     2  use_no_semi.o(.text)
    __semihosting_library_function           0x080009fb   Thumb Code     0  indicate_semi.o(.text)
    ADC_Cmd                                  0x080009fd   Thumb Code    16  stm32f10x_adc.o(.text.ADC_Cmd)
    ADC_GetConversionValue                   0x08000a0d   Thumb Code     6  stm32f10x_adc.o(.text.ADC_GetConversionValue)
    ADC_Init                                 0x08000a15   Thumb Code    84  stm32f10x_adc.o(.text.ADC_Init)
    ADC_Init_                                0x08000a69   Thumb Code   114  adc.o(.text.ADC_Init_)
    ADC_RegularChannelConfig                 0x08000add   Thumb Code    98  stm32f10x_adc.o(.text.ADC_RegularChannelConfig)
    ADC_SoftwareStartConvCmd                 0x08000b41   Thumb Code    18  stm32f10x_adc.o(.text.ADC_SoftwareStartConvCmd)
    Accelerate                               0x08000b55   Thumb Code    56  motors.o(.text.Accelerate)
    Decelerate                               0x08000b8d   Thumb Code    54  motors.o(.text.Decelerate)
    FLASH_PrefetchBufferCmd                  0x08000bc5   Thumb Code    24  stm32f10x_flash.o(.text.FLASH_PrefetchBufferCmd)
    FLASH_SetLatency                         0x08000bdd   Thumb Code    20  stm32f10x_flash.o(.text.FLASH_SetLatency)
    GPIO_Init                                0x08000bf1   Thumb Code   176  stm32f10x_gpio.o(.text.GPIO_Init)
    GPIO_WriteBit                            0x08000ca1   Thumb Code    12  stm32f10x_gpio.o(.text.GPIO_WriteBit)
    GetMaxTemprature                         0x08000cad   Thumb Code    12  adc.o(.text.GetMaxTemprature)
    GetTemprature                            0x08000cb9   Thumb Code    64  adc.o(.text.GetTemprature)
    Is_Avilable                              0x08000cf9   Thumb Code    18  uart.o(.text.Is_Avilable)
    MotorInit                                0x08000d4d   Thumb Code    56  motors.o(.text.MotorInit)
    MoveBackward                             0x08000db9   Thumb Code    24  motors.o(.text.MoveBackward)
    MoveForward                              0x08000dd1   Thumb Code    24  motors.o(.text.MoveForward)
    PWM                                      0x08000de9   Thumb Code   190  pwm.o(.text.PWM)
    PWM_SetDutyCycle                         0x08000ea9   Thumb Code    32  pwm.o(.text.PWM_SetDutyCycle)
    PrintData                                0x08000ec9   Thumb Code   108  rc_car.o(.text.PrintData)
    PrintMaxTemprature                       0x08000f35   Thumb Code    46  rc_car.o(.text.PrintMaxTemprature)
    RCC_APB1PeriphResetCmd                   0x08000f65   Thumb Code    24  stm32f10x_rcc.o(.text.RCC_APB1PeriphResetCmd)
    RCC_APB2PeriphClockCmd                   0x08000f7d   Thumb Code    24  stm32f10x_rcc.o(.text.RCC_APB2PeriphClockCmd)
    RCC_APB2PeriphResetCmd                   0x08000f95   Thumb Code    24  stm32f10x_rcc.o(.text.RCC_APB2PeriphResetCmd)
    RCC_DeInit                               0x08000fad   Thumb Code    66  stm32f10x_rcc.o(.text.RCC_DeInit)
    RCC_GetClocksFreq                        0x08000ff1   Thumb Code   160  stm32f10x_rcc.o(.text.RCC_GetClocksFreq)
    RCC_GetFlagStatus                        0x08001091   Thumb Code    42  stm32f10x_rcc.o(.text.RCC_GetFlagStatus)
    RCC_GetSYSCLKSource                      0x080010bd   Thumb Code    16  stm32f10x_rcc.o(.text.RCC_GetSYSCLKSource)
    RCC_HCLKConfig                           0x080010cd   Thumb Code    20  stm32f10x_rcc.o(.text.RCC_HCLKConfig)
    RCC_HSEConfig                            0x080010e1   Thumb Code    50  stm32f10x_rcc.o(.text.RCC_HSEConfig)
    RCC_PCLK1Config                          0x08001115   Thumb Code    20  stm32f10x_rcc.o(.text.RCC_PCLK1Config)
    RCC_PCLK2Config                          0x08001129   Thumb Code    22  stm32f10x_rcc.o(.text.RCC_PCLK2Config)
    RCC_PLLCmd                               0x08001141   Thumb Code    10  stm32f10x_rcc.o(.text.RCC_PLLCmd)
    RCC_PLLConfig                            0x0800114d   Thumb Code    22  stm32f10x_rcc.o(.text.RCC_PLLConfig)
    RCC_SYSCLKConfig                         0x08001165   Thumb Code    20  stm32f10x_rcc.o(.text.RCC_SYSCLKConfig)
    RCC_WaitForHSEStartUp                    0x08001179   Thumb Code    48  stm32f10x_rcc.o(.text.RCC_WaitForHSEStartUp)
    RC_Car_Init                              0x080011a9   Thumb Code    48  rc_car.o(.text.RC_Car_Init)
    ReadADC                                  0x080011d9   Thumb Code    16  adc.o(.text.ReadADC)
    ReciveChar                               0x080011e9   Thumb Code    26  uart.o(.text.ReciveChar)
    RotateClockwise                          0x08001245   Thumb Code    24  motors.o(.text.RotateClockwise)
    RotateCounterClockwise                   0x0800125d   Thumb Code    24  motors.o(.text.RotateCounterClockwise)
    SendString                               0x08001275   Thumb Code    36  uart.o(.text.SendString)
    SetSysClockTo72                          0x080012a5   Thumb Code   102  rc_car.o(.text.SetSysClockTo72)
    StartRCCar                               0x0800130d   Thumb Code   176  rc_car.o(.text.StartRCCar)
    Stop                                     0x080013bd   Thumb Code    20  motors.o(.text.Stop)
    TIM_ARRPreloadConfig                     0x080013d1   Thumb Code    20  stm32f10x_tim.o(.text.TIM_ARRPreloadConfig)
    TIM_CCxCmd                               0x080013e5   Thumb Code    32  stm32f10x_tim.o(.text.TIM_CCxCmd)
    TIM_Cmd                                  0x08001405   Thumb Code    18  stm32f10x_tim.o(.text.TIM_Cmd)
    TIM_DeInit                               0x08001419   Thumb Code   558  stm32f10x_tim.o(.text.TIM_DeInit)
    TIM_GenerateEvent                        0x08001649   Thumb Code     4  stm32f10x_tim.o(.text.TIM_GenerateEvent)
    TIM_OC4Init                              0x0800164d   Thumb Code    94  stm32f10x_tim.o(.text.TIM_OC4Init)
    TIM_OC4PreloadConfig                     0x080016ad   Thumb Code    14  stm32f10x_tim.o(.text.TIM_OC4PreloadConfig)
    TIM_TimeBaseInit                         0x080016bd   Thumb Code   170  stm32f10x_tim.o(.text.TIM_TimeBaseInit)
    UART_Init                                0x08001769   Thumb Code   114  uart.o(.text.UART_Init)
    USART_Cmd                                0x080017dd   Thumb Code    20  stm32f10x_usart.o(.text.USART_Cmd)
    USART_GetFlagStatus                      0x080017f1   Thumb Code    10  stm32f10x_usart.o(.text.USART_GetFlagStatus)
    USART_Init                               0x080017fd   Thumb Code   182  stm32f10x_usart.o(.text.USART_Init)
    USART_ReceiveData                        0x080018b5   Thumb Code     8  stm32f10x_usart.o(.text.USART_ReceiveData)
    USART_SendData                           0x080018bd   Thumb Code     8  stm32f10x_usart.o(.text.USART_SendData)
    main                                     0x080018c5   Thumb Code    14  main.o(.text.main)
    _btod_d2e                                0x080018d3   Thumb Code    62  btod.o(CL$$btod_d2e)
    _d2e_denorm_low                          0x08001911   Thumb Code    70  btod.o(CL$$btod_d2e_denorm_low)
    _d2e_norm_op1                            0x08001957   Thumb Code    96  btod.o(CL$$btod_d2e_norm_op1)
    __btod_div_common                        0x080019b9   Thumb Code   696  btod.o(CL$$btod_div_common)
    _e2e                                     0x08001cf1   Thumb Code   220  btod.o(CL$$btod_e2e)
    _btod_ediv                               0x08001dcd   Thumb Code    42  btod.o(CL$$btod_ediv)
    _btod_emul                               0x08001df7   Thumb Code    42  btod.o(CL$$btod_emul)
    __btod_mult_common                       0x08001e21   Thumb Code   580  btod.o(CL$$btod_mult_common)
    __ARM_fpclassify                         0x08002065   Thumb Code    40  fpclassify.o(i.__ARM_fpclassify)
    _get_lc_numeric                          0x0800208d   Thumb Code    44  lc_numeric_c.o(locale$$code)
    __aeabi_d2iz                             0x080020b9   Thumb Code     0  dfix.o(x$fpl$dfix)
    _dfix                                    0x080020b9   Thumb Code    94  dfix.o(x$fpl$dfix)
    __fpl_dnaninf                            0x08002117   Thumb Code   156  dnaninf.o(x$fpl$dnaninf)
    __fpl_dretinf                            0x080021b3   Thumb Code    12  dretinf.o(x$fpl$dretinf)
    __aeabi_f2d                              0x080021c1   Thumb Code     0  f2d.o(x$fpl$f2d)
    _f2d                                     0x080021c1   Thumb Code    86  f2d.o(x$fpl$f2d)
    __aeabi_fadd                             0x08002219   Thumb Code     0  faddsub_clz.o(x$fpl$fadd)
    _fadd                                    0x08002219   Thumb Code   196  faddsub_clz.o(x$fpl$fadd)
    __aeabi_fcmpeq                           0x080022dd   Thumb Code     0  fcmp.o(x$fpl$fcmp)
    _feq                                     0x080022dd   Thumb Code    14  fcmp.o(x$fpl$fcmp)
    _fneq                                    0x080022eb   Thumb Code    14  fcmp.o(x$fpl$fcmp)
    __aeabi_fcmpgt                           0x080022f9   Thumb Code     0  fcmp.o(x$fpl$fcmp)
    _fgr                                     0x080022f9   Thumb Code    14  fcmp.o(x$fpl$fcmp)
    __aeabi_fcmpge                           0x08002307   Thumb Code     0  fcmp.o(x$fpl$fcmp)
    _fgeq                                    0x08002307   Thumb Code    14  fcmp.o(x$fpl$fcmp)
    __aeabi_fcmple                           0x08002315   Thumb Code     0  fcmp.o(x$fpl$fcmp)
    _fleq                                    0x08002315   Thumb Code    14  fcmp.o(x$fpl$fcmp)
    __aeabi_fcmplt                           0x08002323   Thumb Code     0  fcmp.o(x$fpl$fcmp)
    _fls                                     0x08002323   Thumb Code    14  fcmp.o(x$fpl$fcmp)
    __fpl_fcmp_Inf                           0x08002331   Thumb Code    24  fcmpi.o(x$fpl$fcmpinf)
    __aeabi_fdiv                             0x08002349   Thumb Code     0  fdiv.o(x$fpl$fdiv)
    _fdiv                                    0x08002349   Thumb Code   384  fdiv.o(x$fpl$fdiv)
    __aeabi_cfcmpeq                          0x080024cd   Thumb Code     0  feqf.o(x$fpl$feqf)
    _fcmpeq                                  0x080024cd   Thumb Code   104  feqf.o(x$fpl$feqf)
    __aeabi_ui2f                             0x08002535   Thumb Code     0  fflt_clz.o(x$fpl$ffltu)
    _ffltu                                   0x08002535   Thumb Code    38  fflt_clz.o(x$fpl$ffltu)
    _fcmpge                                  0x0800255d   Thumb Code   104  fgeqf.o(x$fpl$fgeqf)
    __aeabi_cfcmple                          0x080025c5   Thumb Code     0  fleqf.o(x$fpl$fleqf)
    _fcmple                                  0x080025c5   Thumb Code   104  fleqf.o(x$fpl$fleqf)
    __fpl_fcmple_InfNaN                      0x08002617   Thumb Code     0  fleqf.o(x$fpl$fleqf)
    __aeabi_fmul                             0x0800262d   Thumb Code     0  fmul.o(x$fpl$fmul)
    _fmul                                    0x0800262d   Thumb Code   258  fmul.o(x$fpl$fmul)
    __fpl_fnaninf                            0x0800272f   Thumb Code   140  fnaninf.o(x$fpl$fnaninf)
    __fpl_fretinf                            0x080027bb   Thumb Code    10  fretinf.o(x$fpl$fretinf)
    __aeabi_fsub                             0x080027c5   Thumb Code     0  faddsub_clz.o(x$fpl$fsub)
    _fsub                                    0x080027c5   Thumb Code   234  faddsub_clz.o(x$fpl$fsub)
    _printf_fp_dec                           0x080028af   Thumb Code     4  printf1.o(x$fpl$printf1)
    __I$use$fp                               0x080028b2   Number         0  usenofp.o(x$fpl$usenofp)
    Region$$Table$$Base                      0x08002960   Number         0  anon$$obj.o(Region$$Table)
    Region$$Table$$Limit                     0x08002980   Number         0  anon$$obj.o(Region$$Table)
    CurrentSpeed                             0x20000000   Data           4  motors.o(.data.CurrentSpeed)
    SystemCoreClock                          0x20000004   Data           4  system_stm32f10x.o(.data.SystemCoreClock)
    maxReading                               0x20000008   Data           4  adc.o(.data.maxReading)
    maxTemprature                            0x2000000c   Data           4  adc.o(.data.maxTemprature)
    __libspace_start                         0x20000010   Data          96  libspace.o(.bss)
    MaxRecordedTemprature                    0x20000070   Data           4  adc.o(.bss.MaxRecordedTemprature)
    __temporary_stack_top$libspace           0x20000070   Data           0  libspace.o(.bss)
    directionFlag                            0x20000074   Data           1  motors.o(.bss.directionFlag)



==============================================================================

Memory Map of the image

  Image Entry point : 0x080001a1

  Load Region LR_1 (Base: 0x08000000, Size: 0x000029ac, Max: 0xffffffff, ABSOLUTE)

    Execution Region ER_RO (Exec base: 0x08000000, Load base: 0x08000000, Size: 0x0000299c, Max: 0xffffffff, ABSOLUTE)

    Exec Addr    Load Addr    Size         Type   Attr      Idx    E Section Name        Object

    0x08000000   0x08000000   0x000000ec   Data   RO         2242    RESET               startup_stm32f10x_ld.o
    0x080000ec   0x080000ec   0x00000008   Code   RO         2313  * !!!main             c_w.l(__main.o)
    0x080000f4   0x080000f4   0x00000034   Code   RO         2723    !!!scatter          c_w.l(__scatter.o)
    0x08000128   0x08000128   0x0000001a   Code   RO         2725    !!handler_copy      c_w.l(__scatter_copy.o)
    0x08000142   0x08000142   0x00000002   PAD
    0x08000144   0x08000144   0x0000001c   Code   RO         2727    !!handler_zi        c_w.l(__scatter_zi.o)
    0x08000160   0x08000160   0x00000000   Code   RO         2300    .ARM.Collect$$_printf_percent$$00000000  c_w.l(_printf_percent.o)
    0x08000160   0x08000160   0x00000006   Code   RO         2299    .ARM.Collect$$_printf_percent$$00000003  c_w.l(_printf_f.o)
    0x08000166   0x08000166   0x00000004   Code   RO         2424    .ARM.Collect$$_printf_percent$$00000017  c_w.l(_printf_percent_end.o)
    0x0800016a   0x0800016a   0x00000002   Code   RO         2584    .ARM.Collect$$libinit$$00000000  c_w.l(libinit.o)
    0x0800016c   0x0800016c   0x00000000   Code   RO         2586    .ARM.Collect$$libinit$$00000002  c_w.l(libinit2.o)
    0x0800016c   0x0800016c   0x00000000   Code   RO         2588    .ARM.Collect$$libinit$$00000004  c_w.l(libinit2.o)
    0x0800016c   0x0800016c   0x00000000   Code   RO         2591    .ARM.Collect$$libinit$$0000000A  c_w.l(libinit2.o)
    0x0800016c   0x0800016c   0x00000000   Code   RO         2593    .ARM.Collect$$libinit$$0000000C  c_w.l(libinit2.o)
    0x0800016c   0x0800016c   0x00000000   Code   RO         2595    .ARM.Collect$$libinit$$0000000E  c_w.l(libinit2.o)
    0x0800016c   0x0800016c   0x00000006   Code   RO         2596    .ARM.Collect$$libinit$$0000000F  c_w.l(libinit2.o)
    0x08000172   0x08000172   0x00000000   Code   RO         2598    .ARM.Collect$$libinit$$00000011  c_w.l(libinit2.o)
    0x08000172   0x08000172   0x00000000   Code   RO         2600    .ARM.Collect$$libinit$$00000013  c_w.l(libinit2.o)
    0x08000172   0x08000172   0x00000000   Code   RO         2602    .ARM.Collect$$libinit$$00000015  c_w.l(libinit2.o)
    0x08000172   0x08000172   0x0000000a   Code   RO         2603    .ARM.Collect$$libinit$$00000016  c_w.l(libinit2.o)
    0x0800017c   0x0800017c   0x00000000   Code   RO         2604    .ARM.Collect$$libinit$$00000017  c_w.l(libinit2.o)
    0x0800017c   0x0800017c   0x00000000   Code   RO         2606    .ARM.Collect$$libinit$$00000019  c_w.l(libinit2.o)
    0x0800017c   0x0800017c   0x00000000   Code   RO         2608    .ARM.Collect$$libinit$$0000001B  c_w.l(libinit2.o)
    0x0800017c   0x0800017c   0x00000000   Code   RO         2610    .ARM.Collect$$libinit$$0000001D  c_w.l(libinit2.o)
    0x0800017c   0x0800017c   0x00000000   Code   RO         2612    .ARM.Collect$$libinit$$0000001F  c_w.l(libinit2.o)
    0x0800017c   0x0800017c   0x00000000   Code   RO         2614    .ARM.Collect$$libinit$$00000021  c_w.l(libinit2.o)
    0x0800017c   0x0800017c   0x00000000   Code   RO         2616    .ARM.Collect$$libinit$$00000023  c_w.l(libinit2.o)
    0x0800017c   0x0800017c   0x00000000   Code   RO         2618    .ARM.Collect$$libinit$$00000025  c_w.l(libinit2.o)
    0x0800017c   0x0800017c   0x00000000   Code   RO         2622    .ARM.Collect$$libinit$$0000002C  c_w.l(libinit2.o)
    0x0800017c   0x0800017c   0x00000000   Code   RO         2624    .ARM.Collect$$libinit$$0000002E  c_w.l(libinit2.o)
    0x0800017c   0x0800017c   0x00000000   Code   RO         2626    .ARM.Collect$$libinit$$00000030  c_w.l(libinit2.o)
    0x0800017c   0x0800017c   0x00000000   Code   RO         2628    .ARM.Collect$$libinit$$00000032  c_w.l(libinit2.o)
    0x0800017c   0x0800017c   0x00000002   Code   RO         2629    .ARM.Collect$$libinit$$00000033  c_w.l(libinit2.o)
    0x0800017e   0x0800017e   0x00000002   Code   RO         2688    .ARM.Collect$$libshutdown$$00000000  c_w.l(libshutdown.o)
    0x08000180   0x08000180   0x00000000   Code   RO         2706    .ARM.Collect$$libshutdown$$00000002  c_w.l(libshutdown2.o)
    0x08000180   0x08000180   0x00000000   Code   RO         2708    .ARM.Collect$$libshutdown$$00000004  c_w.l(libshutdown2.o)
    0x08000180   0x08000180   0x00000000   Code   RO         2711    .ARM.Collect$$libshutdown$$00000007  c_w.l(libshutdown2.o)
    0x08000180   0x08000180   0x00000000   Code   RO         2714    .ARM.Collect$$libshutdown$$0000000A  c_w.l(libshutdown2.o)
    0x08000180   0x08000180   0x00000000   Code   RO         2716    .ARM.Collect$$libshutdown$$0000000C  c_w.l(libshutdown2.o)
    0x08000180   0x08000180   0x00000000   Code   RO         2719    .ARM.Collect$$libshutdown$$0000000F  c_w.l(libshutdown2.o)
    0x08000180   0x08000180   0x00000002   Code   RO         2720    .ARM.Collect$$libshutdown$$00000010  c_w.l(libshutdown2.o)
    0x08000182   0x08000182   0x00000000   Code   RO         2409    .ARM.Collect$$rtentry$$00000000  c_w.l(__rtentry.o)
    0x08000182   0x08000182   0x00000000   Code   RO         2492    .ARM.Collect$$rtentry$$00000002  c_w.l(__rtentry2.o)
    0x08000182   0x08000182   0x00000006   Code   RO         2504    .ARM.Collect$$rtentry$$00000004  c_w.l(__rtentry4.o)
    0x08000188   0x08000188   0x00000000   Code   RO         2494    .ARM.Collect$$rtentry$$00000009  c_w.l(__rtentry2.o)
    0x08000188   0x08000188   0x00000004   Code   RO         2495    .ARM.Collect$$rtentry$$0000000A  c_w.l(__rtentry2.o)
    0x0800018c   0x0800018c   0x00000000   Code   RO         2497    .ARM.Collect$$rtentry$$0000000C  c_w.l(__rtentry2.o)
    0x0800018c   0x0800018c   0x00000008   Code   RO         2498    .ARM.Collect$$rtentry$$0000000D  c_w.l(__rtentry2.o)
    0x08000194   0x08000194   0x00000002   Code   RO         2632    .ARM.Collect$$rtexit$$00000000  c_w.l(rtexit.o)
    0x08000196   0x08000196   0x00000000   Code   RO         2653    .ARM.Collect$$rtexit$$00000002  c_w.l(rtexit2.o)
    0x08000196   0x08000196   0x00000004   Code   RO         2654    .ARM.Collect$$rtexit$$00000003  c_w.l(rtexit2.o)
    0x0800019a   0x0800019a   0x00000006   Code   RO         2655    .ARM.Collect$$rtexit$$00000004  c_w.l(rtexit2.o)
    0x080001a0   0x080001a0   0x00000038   Code   RO         2243  * .text               startup_stm32f10x_ld.o
    0x080001d8   0x080001d8   0x00000028   Code   RO         2275    .text               c_w.l(noretval__2sprintf.o)
    0x08000200   0x08000200   0x00000068   Code   RO         2277    .text               c_w.l(__printf.o)
    0x08000268   0x08000268   0x00000048   Code   RO         2301    .text               c_w.l(strcpy.o)
    0x080002b0   0x080002b0   0x00000006   Code   RO         2311    .text               c_w.l(heapauxi.o)
    0x080002b6   0x080002b6   0x0000041c   Code   RO         2416    .text               c_w.l(_printf_fp_dec.o)
    0x080006d2   0x080006d2   0x00000002   PAD
    0x080006d4   0x080006d4   0x00000030   Code   RO         2420    .text               c_w.l(_printf_char_common.o)
    0x08000704   0x08000704   0x0000000a   Code   RO         2422    .text               c_w.l(_sputc.o)
    0x0800070e   0x0800070e   0x00000002   PAD
    0x08000710   0x08000710   0x00000008   Code   RO         2511    .text               c_w.l(rt_locale_intlibspace.o)
    0x08000718   0x08000718   0x0000008a   Code   RO         2518    .text               c_w.l(lludiv10.o)
    0x080007a2   0x080007a2   0x00000002   PAD
    0x080007a4   0x080007a4   0x00000080   Code   RO         2520    .text               c_w.l(_printf_fp_infnan.o)
    0x08000824   0x08000824   0x000000e4   Code   RO         2524    .text               c_w.l(bigflt0.o)
    0x08000908   0x08000908   0x00000008   Code   RO         2564    .text               c_w.l(libspace.o)
    0x08000910   0x08000910   0x0000004a   Code   RO         2567    .text               c_w.l(sys_stackheap_outer.o)
    0x0800095a   0x0800095a   0x00000012   Code   RO         2571    .text               c_w.l(exit.o)
    0x0800096c   0x0800096c   0x00000080   Code   RO         2577    .text               c_w.l(strcmpv7m.o)
    0x080009ec   0x080009ec   0x0000000c   Code   RO         2648    .text               c_w.l(sys_exit.o)
    0x080009f8   0x080009f8   0x00000002   Code   RO         2675    .text               c_w.l(use_no_semi.o)
    0x080009fa   0x080009fa   0x00000000   Code   RO         2677    .text               c_w.l(indicate_semi.o)
    0x080009fa   0x080009fa   0x00000002   PAD
    0x080009fc   0x080009fc   0x00000010   Code   RO         1713    .text.ADC_Cmd       stm32f10x_adc.o
    0x08000a0c   0x08000a0c   0x00000006   Code   RO         1739    .text.ADC_GetConversionValue  stm32f10x_adc.o
    0x08000a12   0x08000a12   0x00000002   PAD
    0x08000a14   0x08000a14   0x00000054   Code   RO         1709    .text.ADC_Init      stm32f10x_adc.o
    0x08000a68   0x08000a68   0x00000072   Code   RO           60    .text.ADC_Init_     adc.o
    0x08000ada   0x08000ada   0x00000002   PAD
    0x08000adc   0x08000adc   0x00000062   Code   RO         1735    .text.ADC_RegularChannelConfig  stm32f10x_adc.o
    0x08000b3e   0x08000b3e   0x00000002   PAD
    0x08000b40   0x08000b40   0x00000012   Code   RO         1727    .text.ADC_SoftwareStartConvCmd  stm32f10x_adc.o
    0x08000b52   0x08000b52   0x00000002   PAD
    0x08000b54   0x08000b54   0x00000038   Code   RO           81    .text.Accelerate    motors.o
    0x08000b8c   0x08000b8c   0x00000036   Code   RO           85    .text.Decelerate    motors.o
    0x08000bc2   0x08000bc2   0x00000002   PAD
    0x08000bc4   0x08000bc4   0x00000018   Code   RO         1791    .text.FLASH_PrefetchBufferCmd  stm32f10x_flash.o
    0x08000bdc   0x08000bdc   0x00000014   Code   RO         1787    .text.FLASH_SetLatency  stm32f10x_flash.o
    0x08000bf0   0x08000bf0   0x000000b0   Code   RO         1855    .text.GPIO_Init     stm32f10x_gpio.o
    0x08000ca0   0x08000ca0   0x0000000c   Code   RO         1871    .text.GPIO_WriteBit  stm32f10x_gpio.o
    0x08000cac   0x08000cac   0x0000000c   Code   RO           66    .text.GetMaxTemprature  adc.o
    0x08000cb8   0x08000cb8   0x00000040   Code   RO           64    .text.GetTemprature  adc.o
    0x08000cf8   0x08000cf8   0x00000012   Code   RO           24    .text.Is_Avilable   uart.o
    0x08000d0a   0x08000d0a   0x00000002   PAD
    0x08000d0c   0x08000d0c   0x00000020   Code   RO           97    .text.LeftMotorBackward  motors.o
    0x08000d2c   0x08000d2c   0x00000020   Code   RO           91    .text.LeftMotorForward  motors.o
    0x08000d4c   0x08000d4c   0x00000038   Code   RO           79    .text.MotorInit     motors.o
    0x08000d84   0x08000d84   0x00000034   Code   RO          107    .text.MotorStop     motors.o
    0x08000db8   0x08000db8   0x00000018   Code   RO           95    .text.MoveBackward  motors.o
    0x08000dd0   0x08000dd0   0x00000018   Code   RO           89    .text.MoveForward   motors.o
    0x08000de8   0x08000de8   0x000000be   Code   RO           44    .text.PWM           pwm.o
    0x08000ea6   0x08000ea6   0x00000002   PAD
    0x08000ea8   0x08000ea8   0x00000020   Code   RO           46    .text.PWM_SetDutyCycle  pwm.o
    0x08000ec8   0x08000ec8   0x0000006c   Code   RO          123    .text.PrintData     rc_car.o
    0x08000f34   0x08000f34   0x0000002e   Code   RO          125    .text.PrintMaxTemprature  rc_car.o
    0x08000f62   0x08000f62   0x00000002   PAD
    0x08000f64   0x08000f64   0x00000018   Code   RO         1945    .text.RCC_APB1PeriphResetCmd  stm32f10x_rcc.o
    0x08000f7c   0x08000f7c   0x00000018   Code   RO         1939    .text.RCC_APB2PeriphClockCmd  stm32f10x_rcc.o
    0x08000f94   0x08000f94   0x00000018   Code   RO         1943    .text.RCC_APB2PeriphResetCmd  stm32f10x_rcc.o
    0x08000fac   0x08000fac   0x00000042   Code   RO         1895    .text.RCC_DeInit    stm32f10x_rcc.o
    0x08000fee   0x08000fee   0x00000002   PAD
    0x08000ff0   0x08000ff0   0x000000a0   Code   RO         1935    .text.RCC_GetClocksFreq  stm32f10x_rcc.o
    0x08001090   0x08001090   0x0000002a   Code   RO         1901    .text.RCC_GetFlagStatus  stm32f10x_rcc.o
    0x080010ba   0x080010ba   0x00000002   PAD
    0x080010bc   0x080010bc   0x00000010   Code   RO         1913    .text.RCC_GetSYSCLKSource  stm32f10x_rcc.o
    0x080010cc   0x080010cc   0x00000014   Code   RO         1915    .text.RCC_HCLKConfig  stm32f10x_rcc.o
    0x080010e0   0x080010e0   0x00000032   Code   RO         1897    .text.RCC_HSEConfig  stm32f10x_rcc.o
    0x08001112   0x08001112   0x00000002   PAD
    0x08001114   0x08001114   0x00000014   Code   RO         1917    .text.RCC_PCLK1Config  stm32f10x_rcc.o
    0x08001128   0x08001128   0x00000016   Code   RO         1919    .text.RCC_PCLK2Config  stm32f10x_rcc.o
    0x0800113e   0x0800113e   0x00000002   PAD
    0x08001140   0x08001140   0x0000000a   Code   RO         1909    .text.RCC_PLLCmd    stm32f10x_rcc.o
    0x0800114a   0x0800114a   0x00000002   PAD
    0x0800114c   0x0800114c   0x00000016   Code   RO         1907    .text.RCC_PLLConfig  stm32f10x_rcc.o
    0x08001162   0x08001162   0x00000002   PAD
    0x08001164   0x08001164   0x00000014   Code   RO         1911    .text.RCC_SYSCLKConfig  stm32f10x_rcc.o
    0x08001178   0x08001178   0x00000030   Code   RO         1899    .text.RCC_WaitForHSEStartUp  stm32f10x_rcc.o
    0x080011a8   0x080011a8   0x00000030   Code   RO          119    .text.RC_Car_Init   rc_car.o
    0x080011d8   0x080011d8   0x00000010   Code   RO           62    .text.ReadADC       adc.o
    0x080011e8   0x080011e8   0x0000001a   Code   RO           32    .text.ReciveChar    uart.o
    0x08001202   0x08001202   0x00000002   PAD
    0x08001204   0x08001204   0x00000020   Code   RO           99    .text.RightMotorBackward  motors.o
    0x08001224   0x08001224   0x00000020   Code   RO           93    .text.RightMotorForward  motors.o
    0x08001244   0x08001244   0x00000018   Code   RO          101    .text.RotateClockwise  motors.o
    0x0800125c   0x0800125c   0x00000018   Code   RO          103    .text.RotateCounterClockwise  motors.o
    0x08001274   0x08001274   0x00000024   Code   RO           30    .text.SendString    uart.o
    0x08001298   0x08001298   0x0000000c   Code   RO           83    .text.SetSpeed      motors.o
    0x080012a4   0x080012a4   0x00000066   Code   RO          121    .text.SetSysClockTo72  rc_car.o
    0x0800130a   0x0800130a   0x00000002   PAD
    0x0800130c   0x0800130c   0x000000b0   Code   RO          127    .text.StartRCCar    rc_car.o
    0x080013bc   0x080013bc   0x00000014   Code   RO          105    .text.Stop          motors.o
    0x080013d0   0x080013d0   0x00000014   Code   RO         2051    .text.TIM_ARRPreloadConfig  stm32f10x_tim.o
    0x080013e4   0x080013e4   0x00000020   Code   RO         2097    .text.TIM_CCxCmd    stm32f10x_tim.o
    0x08001404   0x08001404   0x00000012   Code   RO         2011    .text.TIM_Cmd       stm32f10x_tim.o
    0x08001416   0x08001416   0x00000002   PAD
    0x08001418   0x08001418   0x0000022e   Code   RO         1969    .text.TIM_DeInit    stm32f10x_tim.o
    0x08001646   0x08001646   0x00000002   PAD
    0x08001648   0x08001648   0x00000004   Code   RO         2017    .text.TIM_GenerateEvent  stm32f10x_tim.o
    0x0800164c   0x0800164c   0x0000005e   Code   RO         1979    .text.TIM_OC4Init   stm32f10x_tim.o
    0x080016aa   0x080016aa   0x00000002   PAD
    0x080016ac   0x080016ac   0x0000000e   Code   RO         2065    .text.TIM_OC4PreloadConfig  stm32f10x_tim.o
    0x080016ba   0x080016ba   0x00000002   PAD
    0x080016bc   0x080016bc   0x000000aa   Code   RO         1971    .text.TIM_TimeBaseInit  stm32f10x_tim.o
    0x08001766   0x08001766   0x00000002   PAD
    0x08001768   0x08001768   0x00000072   Code   RO           22    .text.UART_Init     uart.o
    0x080017da   0x080017da   0x00000002   PAD
    0x080017dc   0x080017dc   0x00000014   Code   RO         2169    .text.USART_Cmd     stm32f10x_usart.o
    0x080017f0   0x080017f0   0x0000000a   Code   RO         2209    .text.USART_GetFlagStatus  stm32f10x_usart.o
    0x080017fa   0x080017fa   0x00000002   PAD
    0x080017fc   0x080017fc   0x000000b6   Code   RO         2161    .text.USART_Init    stm32f10x_usart.o
    0x080018b2   0x080018b2   0x00000002   PAD
    0x080018b4   0x080018b4   0x00000008   Code   RO         2187    .text.USART_ReceiveData  stm32f10x_usart.o
    0x080018bc   0x080018bc   0x00000008   Code   RO         2185    .text.USART_SendData  stm32f10x_usart.o
    0x080018c4   0x080018c4   0x0000000e   Code   RO            2    .text.main          main.o
    0x080018d2   0x080018d2   0x0000003e   Code   RO         2527    CL$$btod_d2e        c_w.l(btod.o)
    0x08001910   0x08001910   0x00000046   Code   RO         2529    CL$$btod_d2e_denorm_low  c_w.l(btod.o)
    0x08001956   0x08001956   0x00000060   Code   RO         2528    CL$$btod_d2e_norm_op1  c_w.l(btod.o)
    0x080019b6   0x080019b6   0x00000002   PAD
    0x080019b8   0x080019b8   0x00000338   Code   RO         2537    CL$$btod_div_common  c_w.l(btod.o)
    0x08001cf0   0x08001cf0   0x000000dc   Code   RO         2534    CL$$btod_e2e        c_w.l(btod.o)
    0x08001dcc   0x08001dcc   0x0000002a   Code   RO         2531    CL$$btod_ediv       c_w.l(btod.o)
    0x08001df6   0x08001df6   0x0000002a   Code   RO         2530    CL$$btod_emul       c_w.l(btod.o)
    0x08001e20   0x08001e20   0x00000244   Code   RO         2536    CL$$btod_mult_common  c_w.l(btod.o)
    0x08002064   0x08002064   0x00000028   Code   RO         2562    i.__ARM_fpclassify  m_ws.l(fpclassify.o)
    0x0800208c   0x0800208c   0x0000002c   Code   RO         2552    locale$$code        c_w.l(lc_numeric_c.o)
    0x080020b8   0x080020b8   0x0000005e   Code   RO         2329    x$fpl$dfix          fz_ws.l(dfix.o)
    0x08002116   0x08002116   0x0000009c   Code   RO         2431    x$fpl$dnaninf       fz_ws.l(dnaninf.o)
    0x080021b2   0x080021b2   0x0000000c   Code   RO         2433    x$fpl$dretinf       fz_ws.l(dretinf.o)
    0x080021be   0x080021be   0x00000002   PAD
    0x080021c0   0x080021c0   0x00000056   Code   RO         2341    x$fpl$f2d           fz_ws.l(f2d.o)
    0x08002216   0x08002216   0x00000002   PAD
    0x08002218   0x08002218   0x000000c4   Code   RO         2345    x$fpl$fadd          fz_ws.l(faddsub_clz.o)
    0x080022dc   0x080022dc   0x00000054   Code   RO         2351    x$fpl$fcmp          fz_ws.l(fcmp.o)
    0x08002330   0x08002330   0x00000018   Code   RO         2560    x$fpl$fcmpinf       fz_ws.l(fcmpi.o)
    0x08002348   0x08002348   0x00000184   Code   RO         2354    x$fpl$fdiv          fz_ws.l(fdiv.o)
    0x080024cc   0x080024cc   0x00000068   Code   RO         2437    x$fpl$feqf          fz_ws.l(feqf.o)
    0x08002534   0x08002534   0x00000026   Code   RO         2365    x$fpl$ffltu         fz_ws.l(fflt_clz.o)
    0x0800255a   0x0800255a   0x00000002   PAD
    0x0800255c   0x0800255c   0x00000068   Code   RO         2439    x$fpl$fgeqf         fz_ws.l(fgeqf.o)
    0x080025c4   0x080025c4   0x00000068   Code   RO         2441    x$fpl$fleqf         fz_ws.l(fleqf.o)
    0x0800262c   0x0800262c   0x00000102   Code   RO         2371    x$fpl$fmul          fz_ws.l(fmul.o)
    0x0800272e   0x0800272e   0x0000008c   Code   RO         2443    x$fpl$fnaninf       fz_ws.l(fnaninf.o)
    0x080027ba   0x080027ba   0x0000000a   Code   RO         2445    x$fpl$fretinf       fz_ws.l(fretinf.o)
    0x080027c4   0x080027c4   0x000000ea   Code   RO         2347    x$fpl$fsub          fz_ws.l(faddsub_clz.o)
    0x080028ae   0x080028ae   0x00000004   Code   RO         2375    x$fpl$printf1       fz_ws.l(printf1.o)
    0x080028b2   0x080028b2   0x00000000   Code   RO         2457    x$fpl$usenofp       fz_ws.l(usenofp.o)
    0x080028b2   0x080028b2   0x00000002   PAD
    0x080028b4   0x080028b4   0x00000094   Data   RO         2525    .constdata          c_w.l(bigflt0.o)
    0x08002948   0x08002948   0x00000004   Data   RO         1960    .rodata.ADCPrescTable  stm32f10x_rcc.o
    0x0800294c   0x0800294c   0x00000010   Data   RO         1959    .rodata.APBAHBPrescTable  stm32f10x_rcc.o
    0x0800295c   0x0800295c   0x00000003   Data   RO          129    .rodata.str1.1      rc_car.o
    0x0800295f   0x0800295f   0x00000001   PAD
    0x08002960   0x08002960   0x00000020   Data   RO         2722    Region$$Table       anon$$obj.o
    0x08002980   0x08002980   0x0000001c   Data   RO         2551    locale$$data        c_w.l(lc_numeric_c.o)


    Execution Region ER_RW (Exec base: 0x20000000, Load base: 0x0800299c, Size: 0x00000010, Max: 0xffffffff, ABSOLUTE)

    Exec Addr    Load Addr    Size         Type   Attr      Idx    E Section Name        Object

    0x20000000   0x0800299c   0x00000004   Data   RW          109    .data.CurrentSpeed  motors.o
    0x20000004   0x080029a0   0x00000004   Data   RW         2258    .data.SystemCoreClock  system_stm32f10x.o
    0x20000008   0x080029a4   0x00000004   Data   RW           70    .data.maxReading    adc.o
    0x2000000c   0x080029a8   0x00000004   Data   RW           69    .data.maxTemprature  adc.o


    Execution Region ER_ZI (Exec base: 0x20000010, Load base: 0x080029ac, Size: 0x00000668, Max: 0xffffffff, ABSOLUTE)

    Exec Addr    Load Addr    Size         Type   Attr      Idx    E Section Name        Object

    0x20000010        -       0x00000060   Zero   RW         2565    .bss                c_w.l(libspace.o)
    0x20000070        -       0x00000004   Zero   RW           68    .bss.MaxRecordedTemprature  adc.o
    0x20000074        -       0x00000001   Zero   RW          110    .bss.directionFlag  motors.o
    0x20000075   0x080029ac   0x00000003   PAD
    0x20000078        -       0x00000200   Zero   RW         2241    HEAP                startup_stm32f10x_ld.o
    0x20000278        -       0x00000400   Zero   RW         2240    STACK               startup_stm32f10x_ld.o


==============================================================================

Image component sizes


      Code (inc. data)   RO Data    RW Data    ZI Data      Debug   Object Name

       206          0          0          8          4       2786   adc.o
        14          0          0          0          0       1067   main.o
       474          0          0          4          1       3125   motors.o
       222          0          0          0          0       3844   pwm.o
       480         78          3          0          0       1827   rc_car.o
        56         22        236          0       1536        812   startup_stm32f10x_ld.o
       222          0          0          0          0       9539   stm32f10x_adc.o
        44          0          0          0          0       7929   stm32f10x_flash.o
       188          0          0          0          0       6007   stm32f10x_gpio.o
       568          0         20          0          0       7887   stm32f10x_rcc.o
       910          0          0          0          0      25314   stm32f10x_tim.o
       228          0          0          0          0       8389   stm32f10x_usart.o
         0          0          0          4          0       2662   system_stm32f10x.o
       194          0          0          0          0       3279   uart.o

    ----------------------------------------------------------------------
      3854        100        292         16       1544      84467   Object Totals
         0          0         32          0          0          0   (incl. Generated)
        48          0          1          0          3          0   (incl. Padding)

    ----------------------------------------------------------------------

      Code (inc. data)   RO Data    RW Data    ZI Data      Debug   Library Member Name

         8          0          0          0          0         68   __main.o
       104          0          0          0          0         84   __printf.o
         0          0          0          0          0          0   __rtentry.o
        12          0          0          0          0          0   __rtentry2.o
         6          0          0          0          0          0   __rtentry4.o
        52          8          0          0          0          0   __scatter.o
        26          0          0          0          0          0   __scatter_copy.o
        28          0          0          0          0          0   __scatter_zi.o
        48          6          0          0          0         96   _printf_char_common.o
         6          0          0          0          0          0   _printf_f.o
      1052          0          0          0          0        148   _printf_fp_dec.o
       128         16          0          0          0         84   _printf_fp_infnan.o
         0          0          0          0          0          0   _printf_percent.o
         4          0          0          0          0          0   _printf_percent_end.o
        10          0          0          0          0         68   _sputc.o
       228          4        148          0          0         96   bigflt0.o
      1936        128          0          0          0        668   btod.o
        18          0          0          0          0         80   exit.o
         6          0          0          0          0        152   heapauxi.o
         0          0          0          0          0          0   indicate_semi.o
        44         10         28          0          0         76   lc_numeric_c.o
         2          0          0          0          0          0   libinit.o
        18          0          0          0          0          0   libinit2.o
         2          0          0          0          0          0   libshutdown.o
         2          0          0          0          0          0   libshutdown2.o
         8          4          0          0         96         68   libspace.o
       138          0          0          0          0         80   lludiv10.o
        40          6          0          0          0         84   noretval__2sprintf.o
         8          4          0          0          0         68   rt_locale_intlibspace.o
         2          0          0          0          0          0   rtexit.o
        10          0          0          0          0          0   rtexit2.o
       128          0          0          0          0         68   strcmpv7m.o
        72          0          0          0          0         80   strcpy.o
        12          4          0          0          0         68   sys_exit.o
        74          0          0          0          0         80   sys_stackheap_outer.o
         2          0          0          0          0         68   use_no_semi.o
        94          4          0          0          0         92   dfix.o
       156          4          0          0          0         92   dnaninf.o
        12          0          0          0          0         68   dretinf.o
        86          4          0          0          0         84   f2d.o
       430          8          0          0          0        168   faddsub_clz.o
        84          0          0          0          0        196   fcmp.o
        24          0          0          0          0         68   fcmpi.o
       388         76          0          0          0         96   fdiv.o
       104          4          0          0          0         84   feqf.o
        38          0          0          0          0         68   fflt_clz.o
       104          4          0          0          0         84   fgeqf.o
       104          4          0          0          0         84   fleqf.o
       258          4          0          0          0         84   fmul.o
       140          4          0          0          0         84   fnaninf.o
        10          0          0          0          0         68   fretinf.o
         4          0          0          0          0         68   printf1.o
         0          0          0          0          0          0   usenofp.o
        40          0          0          0          0         68   fpclassify.o

    ----------------------------------------------------------------------
      6330        306        176          0         96       3840   Library Totals
        20          0          0          0          0          0   (incl. Padding)

    ----------------------------------------------------------------------

      Code (inc. data)   RO Data    RW Data    ZI Data      Debug   Library Name

      4234        190        176          0         96       2284   c_w.l
      2036        116          0          0          0       1488   fz_ws.l
        40          0          0          0          0         68   m_ws.l

    ----------------------------------------------------------------------
      6330        306        176          0         96       3840   Library Totals

    ----------------------------------------------------------------------

==============================================================================


      Code (inc. data)   RO Data    RW Data    ZI Data      Debug   

     10184        406        468         16       1640      86047   Grand Totals
     10184        406        468         16       1640      86047   ELF Image Totals
     10184        406        468         16          0          0   ROM Totals

==============================================================================

    Total RO  Size (Code + RO Data)                10652 (  10.40kB)
    Total RW  Size (RW Data + ZI Data)              1656 (   1.62kB)
    Total ROM Size (Code + RO Data + RW Data)      10668 (  10.42kB)

==============================================================================

